 zlibwapi

 Timestamp is 5c74fba1 (Tue Feb 26 16:41:05 2019)

 Preferred load address is 10000000

 Start         Length     Name                   Class
 0001:00000000 0000025fH .text                   CODE
 0001:00000260 0004cc18H .text$mn                CODE
 0002:00000000 00000158H .idata$5                DATA
 0002:00000158 00000004H .00cfg                  DATA
 0002:0000015c 00000004H .CRT$XCA                DATA
 0002:00000160 00000004H .CRT$XCZ                DATA
 0002:00000164 00000004H .CRT$XIA                DATA
 0002:00000168 0000000cH .CRT$XIC                DATA
 0002:00000174 00000004H .CRT$XIZ                DATA
 0002:00000178 00000004H .CRT$XPA                DATA
 0002:0000017c 00000008H .CRT$XPX                DATA
 0002:00000184 00000004H .CRT$XPXA               DATA
 0002:00000188 00000004H .CRT$XPZ                DATA
 0002:0000018c 00000004H .CRT$XTA                DATA
 0002:00000190 00000004H .CRT$XTZ                DATA
 0002:00000194 00000000H .gfids$x                DATA
 0002:000001a0 0000b50cH .rdata                  DATA
 0002:0000b6ac 0000020cH .rdata$r                DATA
 0002:0000b8b8 00000010H .rdata$zETW0            DATA
 0002:0000b8c8 00000077H .rdata$zETW1            DATA
 0002:0000b93f 0000002cH .rdata$zETW2            DATA
 0002:0000b96b 00000001H .rdata$zETW9            DATA
 0002:0000b96c 00000364H .rdata$zzzdbg           DATA
 0002:0000bcd0 00000004H .rtc$IAA                DATA
 0002:0000bcd4 00000004H .rtc$IZZ                DATA
 0002:0000bcd8 00000004H .rtc$TAA                DATA
 0002:0000bcdc 00000004H .rtc$TZZ                DATA
 0002:0000bce0 000008b4H .xdata$x                DATA
 0002:0000c5a0 00000cf9H .edata                  DATA
 0002:0000d29c 00000028H .idata$2                DATA
 0002:0000d2c4 00000014H .idata$3                DATA
 0002:0000d2d8 00000158H .idata$4                DATA
 0002:0000d430 00000650H .idata$6                DATA
 0003:00000000 000008f0H .data                   DATA
 0003:000008f0 000000b4H .data$r                 DATA
 0003:000009a8 00000fa0H .bss                    DATA
 0004:00000000 00000058H .rsrc$01                DATA
 0004:00000060 00000338H .rsrc$02                DATA

  Address         Publics by Value              Rva+Base       Lib:Object

 0000:00000000       ___guard_fids_count        00000000     <absolute>
 0000:00000000       __except_list              00000000     <absolute>
 0000:00000000       ___safe_se_handler_count   00000000     <absolute>
 0000:00000000       ___guard_fids_table        00000000     <absolute>
 0000:00000000       ___safe_se_handler_table   00000000     <absolute>
 0000:00000100       ___guard_flags             00000100     <absolute>
 0000:00000000       ___ImageBase               10000000     <linker-defined>
 0001:00000000       ?TraceLoggingRegister@__vcrt_trace_logging_provider@@YAJPBU_TlgProvider_t@1@PBU_GUID@@P6GX1KE_K2PAU_EVENT_FILTER_DESCRIPTOR@@PAX@Z4@Z 10001000 f i libvcruntime:telemetry.obj
 0001:0000005d       ?TraceLoggingSetInformation@__vcrt_trace_logging_provider@@YAJPBU_TlgProvider_t@1@W4_EVENT_INFO_CLASS@@PAXK@Z 1000105d f i libvcruntime:telemetry.obj
 0001:00000088       ?TraceLoggingUnregister@__vcrt_trace_logging_provider@@YAXPBU_TlgProvider_t@1@@Z 10001088 f i libvcruntime:telemetry.obj
 0001:000000a7       ?_TlgCreateSz@__vcrt_trace_logging_provider@@YAXPAU_EVENT_DATA_DESCRIPTOR@@PBD@Z 100010a7 f i libvcruntime:telemetry.obj
 0001:000000df       ?_TlgCreateWsz@__vcrt_trace_logging_provider@@YAXPAU_EVENT_DATA_DESCRIPTOR@@PB_W@Z 100010df f i libvcruntime:telemetry.obj
 0001:00000123       ?_TlgEnableCallback@__vcrt_trace_logging_provider@@YGXPBU_GUID@@KE_K1PAU_EVENT_FILTER_DESCRIPTOR@@PAX@Z 10001123 f i libvcruntime:telemetry.obj
 0001:0000019b       ?_TlgKeywordOn@__vcrt_trace_logging_provider@@YAEPBU_TlgProvider_t@1@_K@Z 1000119b f i libvcruntime:telemetry.obj
 0001:000001d7       ?_TlgWrite@__vcrt_trace_logging_provider@@YAJPBU_TlgProvider_t@1@PBXPBU_GUID@@2IPAU_EVENT_DATA_DESCRIPTOR@@@Z 100011d7 f i libvcruntime:telemetry.obj
 0001:00000260       _adler32_z@12              10001260 f   adler32.obj
 0001:000004e0       _adler32@12                100014e0 f   adler32.obj
 0001:000005b0       _adler32_combine@12        100015b0 f   adler32.obj
 0001:000005d0       _compress2@20              100015d0 f   compress.obj
 0001:000006b0       _compress@16               100016b0 f   compress.obj
 0001:000006d0       _compressBound@4           100016d0 f   compress.obj
 0001:000006f0       _get_crc_table@0           100016f0 f   crc32.obj
 0001:00000700       _crc32_z@12                10001700 f   crc32.obj
 0001:00000730       _crc32@12                  10001730 f   crc32.obj
 0001:00000e00       _crc32_combine@12          10001e00 f   crc32.obj
 0001:00000e70       _deflateInit_@16           10001e70 f   deflate.obj
 0001:00000e90       _deflateInit2_@32          10001e90 f   deflate.obj
 0001:00001130       _deflateSetDictionary@12   10002130 f   deflate.obj
 0001:000012e0       _deflateGetDictionary@12   100022e0 f   deflate.obj
 0001:00001340       _deflateResetKeep@4        10002340 f   deflate.obj
 0001:000013f0       _deflateReset@4            100023f0 f   deflate.obj
 0001:00001420       _deflateSetHeader@8        10002420 f   deflate.obj
 0001:00001450       _deflatePending@12         10002450 f   deflate.obj
 0001:00001490       _deflatePrime@12           10002490 f   deflate.obj
 0001:00001520       _deflateParams@12          10002520 f   deflate.obj
 0001:00001680       _deflateTune@20            10002680 f   deflate.obj
 0001:000016d0       _deflateBound@8            100026d0 f   deflate.obj
 0001:00001840       _deflate@8                 10002840 f   deflate.obj
 0001:000020e0       _deflateEnd@4              100030e0 f   deflate.obj
 0001:00002180       _deflateCopy@8             10003180 f   deflate.obj
 0001:00003460       _gzclose@4                 10004460 f   gzclose.obj
 0001:00003490       ___local_stdio_printf_options 10004490 f i gzlib.obj
 0001:000034a0       _vsnprintf                 100044a0 f i gzlib.obj
 0001:000034e0       _snprintf                  100044e0 f i gzlib.obj
 0001:00003890       _gzopen@8                  10004890 f   gzlib.obj
 0001:000038b0       _gzdopen@8                 100048b0 f   gzlib.obj
 0001:00003910       _gzopen_w@8                10004910 f   gzlib.obj
 0001:00003930       _gzbuffer@8                10004930 f   gzlib.obj
 0001:00003980       _gzrewind@4                10004980 f   gzlib.obj
 0001:000039e0       _gzseek64@16               100049e0 f   gzlib.obj
 0001:00003b70       _gzseek@12                 10004b70 f   gzlib.obj
 0001:00003bb0       _gztell64@4                10004bb0 f   gzlib.obj
 0001:00003c10       _gztell@4                  10004c10 f   gzlib.obj
 0001:00003c40       _gzoffset64@4              10004c40 f   gzlib.obj
 0001:00003c90       _gzoffset@4                10004c90 f   gzlib.obj
 0001:00003cc0       _gzeof@4                   10004cc0 f   gzlib.obj
 0001:00003d00       _gzerror@8                 10004d00 f   gzlib.obj
 0001:00003d50       _gzclearerr@4              10004d50 f   gzlib.obj
 0001:00003d90       _gz_error                  10004d90 f   gzlib.obj
 0001:00004440       _gzread@12                 10005440 f   gzread.obj
 0001:000044b0       _gzfread@16                100054b0 f   gzread.obj
 0001:00004530       _gzgetc@4                  10005530 f   gzread.obj
 0001:000045a0       _gzgetc_@4                 100055a0 f   gzread.obj
 0001:000045b0       _gzungetc@8                100055b0 f   gzread.obj
 0001:00004690       _gzgets@12                 10005690 f   gzread.obj
 0001:000047b0       _gzdirect@4                100057b0 f   gzread.obj
 0001:000047f0       _gzclose_r@4               100057f0 f   gzread.obj
 0001:00004c50       _gzwrite@12                10005c50 f   gzwrite.obj
 0001:00004ca0       _gzfwrite@16               10005ca0 f   gzwrite.obj
 0001:00004d10       _gzputc@8                  10005d10 f   gzwrite.obj
 0001:00004de0       _gzputs@8                  10005de0 f   gzwrite.obj
 0001:00004e30       _gzvprintf                 10005e30 f   gzwrite.obj
 0001:00004f60       _gzprintf                  10005f60 f   gzwrite.obj
 0001:00004f80       _gzflush@8                 10005f80 f   gzwrite.obj
 0001:00004ff0       _gzsetparams@12            10005ff0 f   gzwrite.obj
 0001:000050b0       _gzclose_w@4               100060b0 f   gzwrite.obj
 0001:00005180       _inflateBackInit_@20       10006180 f   infback.obj
 0001:00005280       _inflateBack@20            10006280 f   infback.obj
 0001:000060a0       _inflateBackEnd@4          100070a0 f   infback.obj
 0001:00006120       _inflateResetKeep@4        10007120 f   inflate.obj
 0001:000061c0       _inflateReset@4            100071c0 f   inflate.obj
 0001:00006200       _inflateReset2@8           10007200 f   inflate.obj
 0001:00006290       _inflateInit2_@16          10007290 f   inflate.obj
 0001:00006360       _inflateInit_@12           10007360 f   inflate.obj
 0001:00006380       _inflatePrime@12           10007380 f   inflate.obj
 0001:00006510       _inflate@8                 10007510 f   inflate.obj
 0001:00007c80       _inflateEnd@4              10008c80 f   inflate.obj
 0001:00007cd0       _inflateGetDictionary@12   10008cd0 f   inflate.obj
 0001:00007d40       _inflateSetDictionary@12   10008d40 f   inflate.obj
 0001:00007df0       _inflateGetHeader@8        10008df0 f   inflate.obj
 0001:00007eb0       _inflateSync@4             10008eb0 f   inflate.obj
 0001:00007fa0       _inflateSyncPoint@4        10008fa0 f   inflate.obj
 0001:00007fe0       _inflateCopy@8             10008fe0 f   inflate.obj
 0001:00008130       _inflateUndermine@8        10009130 f   inflate.obj
 0001:00008160       _inflateValidate@8         10009160 f   inflate.obj
 0001:000081a0       _inflateMark@4             100091a0 f   inflate.obj
 0001:00008210       _inflateCodesUsed@4        10009210 f   inflate.obj
 0001:00008240       _inflate_table             10009240 f   inftrees.obj
 0001:00008640       _call_zopen64              10009640 f   ioapi.obj
 0001:00008660       _call_zseek64              10009660 f   ioapi.obj
 0001:000086c0       _call_ztell64              100096c0 f   ioapi.obj
 0001:000086f0       _fill_zlib_filefunc64_32_def_from_filefunc32 100096f0 f   ioapi.obj
 0001:00008900       _fill_fopen64_filefunc     10009900 f   ioapi.obj
 0001:000089f0       _win32_open64_file_func    100099f0 f   iowin32.obj
 0001:00008a50       _win32_open64_file_funcA   10009a50 f   iowin32.obj
 0001:00008ab0       _win32_open64_file_funcW   10009ab0 f   iowin32.obj
 0001:00008b10       _win32_open_file_func      10009b10 f   iowin32.obj
 0001:00008b70       _win32_read_file_func      10009b70 f   iowin32.obj
 0001:00008bc0       _win32_write_file_func     10009bc0 f   iowin32.obj
 0001:00008c70       _win32_tell_file_func      10009c70 f   iowin32.obj
 0001:00008cc0       _win32_tell64_file_func    10009cc0 f   iowin32.obj
 0001:00008d20       _win32_seek_file_func      10009d20 f   iowin32.obj
 0001:00008d90       _win32_seek64_file_func    10009d90 f   iowin32.obj
 0001:00008e10       _win32_close_file_func     10009e10 f   iowin32.obj
 0001:00008e40       _win32_error_file_func     10009e40 f   iowin32.obj
 0001:00008e60       _fill_win32_filefunc       10009e60 f   iowin32.obj
 0001:00008ea0       _fill_win32_filefunc64     10009ea0 f   iowin32.obj
 0001:00008ee0       _fill_win32_filefunc64A    10009ee0 f   iowin32.obj
 0001:00008f20       _fill_win32_filefunc64W    10009f20 f   iowin32.obj
 0001:00008f70       __tr_init                  10009f70 f   trees.obj
 0001:00009f00       __tr_stored_block          1000af00 f   trees.obj
 0001:00009ff0       __tr_flush_bits            1000aff0 f   trees.obj
 0001:0000a000       __tr_align                 1000b000 f   trees.obj
 0001:0000a0f0       __tr_flush_block           1000b0f0 f   trees.obj
 0001:0000a860       _uncompress2@16            1000b860 f   uncompr.obj
 0001:0000a990       _uncompress@16             1000b990 f   uncompr.obj
 0001:0000ace0       _unzStringFileNameCompare@12 1000bce0 f   unzip.obj
 0001:0000b580       _unzOpen2@8                1000c580 f   unzip.obj
 0001:0000b5d0       _unzOpen2_64@8             1000c5d0 f   unzip.obj
 0001:0000b630       _unzOpen@4                 1000c630 f   unzip.obj
 0001:0000b650       _unzOpen64@4               1000c650 f   unzip.obj
 0001:0000b670       _unzClose@4                1000c670 f   unzip.obj
 0001:0000b6b0       _unzGetGlobalInfo64@8      1000c6b0 f   unzip.obj
 0001:0000b6e0       _unzGetGlobalInfo@8        1000c6e0 f   unzip.obj
 0001:0000bd50       _unzGetCurrentFileInfo64@32 1000cd50 f   unzip.obj
 0001:0000bd80       _unzGetCurrentFileInfo@32  1000cd80 f   unzip.obj
 0001:0000be40       _unzGoToFirstFile@4        1000ce40 f   unzip.obj
 0001:0000beb0       _unzGoToNextFile@4         1000ceb0 f   unzip.obj
 0001:0000bf60       _unzLocateFile@12          1000cf60 f   unzip.obj
 0001:0000c110       _unzGetFilePos64@8         1000d110 f   unzip.obj
 0001:0000c160       _unzGetFilePos@8           1000d160 f   unzip.obj
 0001:0000c190       _unzGoToFilePos64@8        1000d190 f   unzip.obj
 0001:0000c200       _unzGoToFilePos@8          1000d200 f   unzip.obj
 0001:0000c4a0       _unzOpenCurrentFile3@20    1000d4a0 f   unzip.obj
 0001:0000c710       _unzOpenCurrentFile@4      1000d710 f   unzip.obj
 0001:0000c730       _unzOpenCurrentFilePassword@8 1000d730 f   unzip.obj
 0001:0000c750       _unzOpenCurrentFile2@16    1000d750 f   unzip.obj
 0001:0000c770       _unzGetCurrentFileZStreamPos64@4 1000d770 f   unzip.obj
 0001:0000c7b0       _unzReadCurrentFile@12     1000d7b0 f   unzip.obj
 0001:0000ca70       _unztell@4                 1000da70 f   unzip.obj
 0001:0000caa0       _unztell64@4               1000daa0 f   unzip.obj
 0001:0000cad0       _unzeof@4                  1000dad0 f   unzip.obj
 0001:0000cb10       _unzGetLocalExtrafield@12  1000db10 f   unzip.obj
 0001:0000cbe0       _unzCloseCurrentFile@4     1000dbe0 f   unzip.obj
 0001:0000cc80       _unzGetGlobalComment@12    1000dc80 f   unzip.obj
 0001:0000d860       _LoadCentralDirectoryRecord 1000e860 f   zip.obj
 0001:0000dd00       _zipOpen3@16               1000ed00 f   zip.obj
 0001:0000de70       _zipOpen2@16               1000ee70 f   zip.obj
 0001:0000dec0       _zipOpen2_64@16            1000eec0 f   zip.obj
 0001:0000df20       _zipOpen@8                 1000ef20 f   zip.obj
 0001:0000df40       _zipOpen64@8               1000ef40 f   zip.obj
 0001:0000df60       _Write_LocalFileHeader     1000ef60 f   zip.obj
 0001:0000e170       _zipOpenNewFileInZip4_64@76 1000f170 f   zip.obj
 0001:0000e650       _zipOpenNewFileInZip3@64   1000f650 f   zip.obj
 0001:0000e6a0       _zipOpenNewFileInZip3_64@68 1000f6a0 f   zip.obj
 0001:0000e6f0       _zipOpenNewFileInZip2@44   1000f6f0 f   zip.obj
 0001:0000e730       _zipOpenNewFileInZip2_64@48 1000f730 f   zip.obj
 0001:0000e770       _zipOpenNewFileInZip64@44  1000f770 f   zip.obj
 0001:0000e7b0       _zipOpenNewFileInZip@40    1000f7b0 f   zip.obj
 0001:0000e8b0       _zipWriteInFileInZip@12    1000f8b0 f   zip.obj
 0001:0000e9b0       _zipCloseFileInZipRaw@12   1000f9b0 f   zip.obj
 0001:0000e9d0       _zipCloseFileInZipRaw64@16 1000f9d0 f   zip.obj
 0001:0000eec0       _zipCloseFileInZip@4       1000fec0 f   zip.obj
 0001:0000eee0       _Write_Zip64EndOfCentralDirectoryLocator 1000fee0 f   zip.obj
 0001:0000ef60       _Write_Zip64EndOfCentralDirectoryRecord 1000ff60 f   zip.obj
 0001:0000f080       _Write_EndOfCentralDirectoryRecord 10010080 f   zip.obj
 0001:0000f1c0       _Write_GlobalComment       100101c0 f   zip.obj
 0001:0000f230       _zipClose@8                10010230 f   zip.obj
 0001:0000f3c0       _zlibVersion@0             100103c0 f   zutil.obj
 0001:0000f3d0       _zlibCompileFlags@0        100103d0 f   zutil.obj
 0001:0000f3e0       _zError@4                  100103e0 f   zutil.obj
 0001:0000f400       _zcalloc                   10010400 f   zutil.obj
 0001:0000f420       _zcfree                    10010420 f   zutil.obj
 0001:0000f430       _longest_match             10010430 f   match686.obj
 0001:0000f618       _match_init                10010618 f   match686.obj
 0001:0000f720       _inflate_fast              10010720 f   inffas32.obj
 0001:0000fdb4       _ReadFile@20               10010db4 f   kernel32:KERNEL32.dll
 0001:0000fdba       _WriteFile@20              10010dba f   kernel32:KERNEL32.dll
 0001:0000fdc0       _SetFilePointer@16         10010dc0 f   kernel32:KERNEL32.dll
 0001:0000fdc6       _CreateFileW@28            10010dc6 f   kernel32:KERNEL32.dll
 0001:0000fdcc       _GetLastError@0            10010dcc f   kernel32:KERNEL32.dll
 0001:0000fdd2       _CreateFileA@28            10010dd2 f   kernel32:KERNEL32.dll
 0001:0000fdd8       _CloseHandle@4             10010dd8 f   kernel32:KERNEL32.dll
 0001:000100f3       __CRT_INIT@12              100110f3 f   LIBCMT:dll_dllmain.obj
 0001:000100fc       __DllMainCRTStartup@12     100110fc f   LIBCMT:dll_dllmain.obj
 0001:0001011f       ??$__crt_fast_decode_pointer@PAP6AXXZ@@YAPAP6AXXZQAP6AXXZ@Z 1001111f f i LIBCMT:utility.obj
 0001:00010133       ??$__crt_fast_encode_pointer@PAP6AXXZ@@YAPAP6AXXZQAP6AXXZ@Z 10011133 f i LIBCMT:utility.obj
 0001:00010150       ?__crt_rotate_pointer_value@@YAIIH@Z 10011150 f i LIBCMT:utility.obj
 0001:000101d4       _NtCurrentTeb              100111d4 f i LIBCMT:utility.obj
 0001:000101db       ___scrt_acquire_startup_lock 100111db f   LIBCMT:utility.obj
 0001:00010210       ___scrt_dllmain_after_initialize_c 10011210 f   LIBCMT:utility.obj
 0001:00010228       ___scrt_dllmain_before_initialize_c 10011228 f   LIBCMT:utility.obj
 0001:00010236       ___scrt_dllmain_crt_thread_attach 10011236 f   LIBCMT:utility.obj
 0001:00010255       ___scrt_dllmain_crt_thread_detach 10011255 f   LIBCMT:utility.obj
 0001:00010262       ___scrt_dllmain_exception_filter 10011262 f   LIBCMT:utility.obj
 0001:00010295       ___scrt_dllmain_uninitialize_c 10011295 f   LIBCMT:utility.obj
 0001:000102b8       ___scrt_dllmain_uninitialize_critical 100112b8 f   LIBCMT:utility.obj
 0001:000102c5       ___scrt_initialize_crt     100112c5 f   LIBCMT:utility.obj
 0001:000102fe       ___scrt_initialize_onexit_tables 100112fe f   LIBCMT:utility.obj
 0001:00010395       ___scrt_is_nonwritable_in_current_image 10011395 f   LIBCMT:utility.obj
 0001:00010422       ___scrt_release_startup_lock 10011422 f   LIBCMT:utility.obj
 0001:0001043f       ___scrt_uninitialize_crt   1001143f f   LIBCMT:utility.obj
 0001:00010467       __onexit                   10011467 f   LIBCMT:utility.obj
 0001:000104a2       _at_quick_exit             100114a2 f   LIBCMT:utility.obj
 0001:000104d3       _atexit                    100114d3 f   LIBCMT:utility.obj
 0001:000104e8       ___security_init_cookie    100114e8 f   LIBCMT:gs_support.obj
 0001:00010584       _DllMain@12                10011584 f   LIBCMT:dll_dllmain_stub.obj
 0001:0001058a       ?__scrt_initialize_type_info@@YAXXZ 1001158a f   LIBCMT:tncleanup.obj
 0001:00010596       ?__scrt_uninitialize_type_info@@YAXXZ 10011596 f   LIBCMT:tncleanup.obj
 0001:000105a2       ___local_stdio_scanf_options 100115a2 f i LIBCMT:default_local_stdio_options.obj
 0001:000105a8       ___scrt_initialize_default_local_stdio_options 100115a8 f   LIBCMT:default_local_stdio_options.obj
 0001:000105c5       ___scrt_get_dyn_tls_init_callback 100115c5 f   LIBCMT:dyn_tls_init.obj
 0001:000105cb       ___scrt_fastfail           100115cb f   LIBCMT:utility_desktop.obj
 0001:000106e6       ___scrt_get_show_window_mode 100116e6 f   LIBCMT:utility_desktop.obj
 0001:00010719       ___scrt_initialize_winrt   10011719 f   LIBCMT:utility_desktop.obj
 0001:0001071c       ___scrt_is_managed_app     1001171c f   LIBCMT:utility_desktop.obj
 0001:00010760       ___scrt_set_unhandled_exception_filter 10011760 f   LIBCMT:utility_desktop.obj
 0001:0001076c       ___scrt_unhandled_exception_filter@4 1001176c f   LIBCMT:utility_desktop.obj
 0001:000107ad       __crt_debugger_hook        100117ad f   LIBCMT:utility_desktop.obj
 0001:000107b5       __RTC_Initialize           100117b5 f   LIBCMT:_initsect_.obj
 0001:000107e0       __RTC_Terminate            100117e0 f   LIBCMT:_initsect_.obj
 0001:0001080b       @_guard_check_icall@4      1001180b f i LIBCMT:checkcfg.obj
 0001:00010820       __SEH_prolog4              10011820 f   LIBCMT:_sehprolg4_.obj
 0001:00010866       __SEH_epilog4              10011866 f   LIBCMT:_sehprolg4_.obj
 0001:0001087b       ___isa_available_init      1001187b f   LIBCMT:_cpu_disp_.obj
 0001:00010a1c       ___scrt_is_ucrt_dll_in_use 10011a1c f   LIBCMT:ucrt_detection.obj
 0001:00010a28       @_guard_check_icall_nop@4  10011a28 f i LIBCMT:guard_support.obj
 0001:00010a29       __guard_icall_checks_enforced 10011a29 f i LIBCMT:guard_support.obj
 0001:00010a3b       @__security_check_cookie@4 10011a3b f   LIBCMT:_secchk_.obj
 0001:00010a4c       ___raise_securityfailure   10011a4c f   LIBCMT:gs_report.obj
 0001:00010a74       ___report_gsfailure        10011a74 f   LIBCMT:gs_report.obj
 0001:00010b6f       ___report_rangecheckfailure 10011b6f f   LIBCMT:gs_report.obj
 0001:00010b7b       ___report_securityfailure  10011b7b f   LIBCMT:gs_report.obj
 0001:00010c4b       ___report_securityfailureEx 10011c4b f   LIBCMT:gs_report.obj
 0001:00010d70       _memchr                    10011d70 f   libvcruntime:memchr.obj
 0001:00010e58       _EventDataDescCreate       10011e58 f i libvcruntime:telemetry.obj
 0001:00010e73       _HRESULT_FROM_WIN32        10011e73 f i libvcruntime:telemetry.obj
 0001:00010e87       ___telemetry_main_invoke_trigger 10011e87 f   libvcruntime:telemetry.obj
 0001:00010f23       ___telemetry_main_return_trigger 10011f23 f   libvcruntime:telemetry.obj
 0001:00010fbf       ___vcrt_initialize_telemetry_provider 10011fbf f   libvcruntime:telemetry.obj
 0001:00010fd2       ___vcrt_uninitialize_telemetry_provider 10011fd2 f   libvcruntime:telemetry.obj
 0001:00011020       __except_handler4          10012020 f   libvcruntime:_chandler4_.obj
 0001:0001117a       ___vcrt_initialize         1001217a f   libvcruntime:initialization.obj
 0001:000111a8       ___vcrt_thread_attach      100121a8 f   libvcruntime:initialization.obj
 0001:000111b3       ___vcrt_thread_detach      100121b3 f   libvcruntime:initialization.obj
 0001:000111be       ___vcrt_uninitialize       100121be f   libvcruntime:initialization.obj
 0001:000111e2       ___vcrt_uninitialize_critical 100121e2 f   libvcruntime:initialization.obj
 0001:000111f9       ??$?RD@__crt_internal_free_policy@@QBEXQBD@Z 100121f9 f i libvcruntime:std_type_info.obj
 0001:00011209       ??$?RX@__crt_internal_free_policy@@QBEXQBX@Z 10012209 f i libvcruntime:std_type_info.obj
 0001:00011219       ??$__crt_interlocked_compare_exchange_pointer@$$CBD$$T$$T@@YAPBDPDSBD$$T1@Z 10012219 f i libvcruntime:std_type_info.obj
 0001:0001122b       ??$__crt_interlocked_compare_exchange_pointer@$$CBDPAD$$T@@YAPBDPDSBDQAD$$T@Z 1001222b f i libvcruntime:std_type_info.obj
 0001:0001123d       ??$__crt_interlocked_read_pointer@$$CBD@@YAPBDPDSBD@Z 1001223d f i libvcruntime:std_type_info.obj
 0001:0001124d       ??0?$__crt_unique_heap_ptr@DU__crt_internal_free_policy@@@@QAE@QAD@Z 1001224d f i libvcruntime:std_type_info.obj
 0001:0001125b       ??0?$__crt_unique_heap_ptr@XU__crt_internal_free_policy@@@@QAE@QAX@Z 1001225b f i libvcruntime:std_type_info.obj
 0001:00011269       ??1?$__crt_unique_heap_ptr@DU__crt_internal_free_policy@@@@QAE@XZ 10012269 f i libvcruntime:std_type_info.obj
 0001:00011279       ??1?$__crt_unique_heap_ptr@XU__crt_internal_free_policy@@@@QAE@XZ 10012279 f i libvcruntime:std_type_info.obj
 0001:00011295       ??B?$__crt_unique_heap_ptr@DU__crt_internal_free_policy@@@@QBE_NXZ 10012295 f i libvcruntime:std_type_info.obj
 0001:0001129d       ??B?$__crt_unique_heap_ptr@XU__crt_internal_free_policy@@@@QBE_NXZ 1001229d f i libvcruntime:std_type_info.obj
 0001:000112c5       ?detach@?$__crt_unique_heap_ptr@XU__crt_internal_free_policy@@@@QAEPAXXZ 100122c5 f i libvcruntime:std_type_info.obj
 0001:000112cb       ?get@?$__crt_unique_heap_ptr@DU__crt_internal_free_policy@@@@QBEPADXZ 100122cb f i libvcruntime:std_type_info.obj
 0001:000112ce       ?get@?$__crt_unique_heap_ptr@XU__crt_internal_free_policy@@@@QBEPAXXZ 100122ce f i libvcruntime:std_type_info.obj
 0001:000112d1       ?is_valid@?$__crt_unique_heap_ptr@DU__crt_internal_free_policy@@@@QBE_NXZ 100122d1 f i libvcruntime:std_type_info.obj
 0001:000112d9       ?is_valid@?$__crt_unique_heap_ptr@XU__crt_internal_free_policy@@@@QBE_NXZ 100122d9 f i libvcruntime:std_type_info.obj
 0001:000112e1       ?release@?$__crt_unique_heap_ptr@DU__crt_internal_free_policy@@@@QAEXXZ 100122e1 f i libvcruntime:std_type_info.obj
 0001:000112f1       ?release@?$__crt_unique_heap_ptr@XU__crt_internal_free_policy@@@@QAEXXZ 100122f1 f i libvcruntime:std_type_info.obj
 0001:00011301       ___std_type_info_compare   10012301 f   libvcruntime:std_type_info.obj
 0001:0001133d       ___std_type_info_destroy_list 1001233d f   libvcruntime:std_type_info.obj
 0001:00011360       ___std_type_info_hash      10012360 f   libvcruntime:std_type_info.obj
 0001:00011386       ___std_type_info_name      10012386 f   libvcruntime:std_type_info.obj
 0001:00011460       _memset                    10012460 f   libvcruntime:memset.obj
 0001:000115ba       ??$?BX@__crt_fast_encoded_nullptr_t@@QBEPAXXZ 100125ba f i libvcruntime:winapi_downlevel.obj
 0001:000115d2       ??$__crt_fast_decode_pointer@PAX@@YAPAXQAX@Z 100125d2 f i libvcruntime:winapi_downlevel.obj
 0001:000115e6       ??$__crt_fast_encode_pointer@PAX@@YAPAXQAX@Z 100125e6 f i libvcruntime:winapi_downlevel.obj
 0001:00011603       ??$__crt_interlocked_compare_exchange_pointer@UHINSTANCE__@@$$T$$T@@YAPAUHINSTANCE__@@PDSAU0@$$T1@Z 10012603 f i libvcruntime:winapi_downlevel.obj
 0001:00011615       ??$__crt_interlocked_compare_exchange_pointer@X$$T$$T@@YAPAXPDSAX$$T1@Z 10012615 f i libvcruntime:winapi_downlevel.obj
 0001:00011627       ??$__crt_interlocked_exchange_pointer@UHINSTANCE__@@PAU1@@@YAPAUHINSTANCE__@@PDSAU0@QAU0@@Z 10012627 f i libvcruntime:winapi_downlevel.obj
 0001:00011634       ??$__crt_interlocked_exchange_pointer@UHINSTANCE__@@PAX@@YAPAUHINSTANCE__@@PDSAU0@QAX@Z 10012634 f i libvcruntime:winapi_downlevel.obj
 0001:00011641       ??$__crt_interlocked_exchange_pointer@XPAX@@YAPAXPDSAXQAX@Z 10012641 f i libvcruntime:winapi_downlevel.obj
 0001:0001164e       ??$__crt_interlocked_read_pointer@UHINSTANCE__@@@@YAPAUHINSTANCE__@@PDSAU0@@Z 1001264e f i libvcruntime:winapi_downlevel.obj
 0001:0001165e       ??$__crt_interlocked_read_pointer@X@@YAPAXPDSAX@Z 1001265e f i libvcruntime:winapi_downlevel.obj
 0001:0001166e       ?__crt_fast_encode_pointer@@YA?AU__crt_fast_encoded_nullptr_t@@$$T@Z 1001266e f i libvcruntime:winapi_downlevel.obj
 0001:00011911       ___vcrt_EventRegister      10012911 f   libvcruntime:winapi_downlevel.obj
 0001:00011951       ___vcrt_EventSetInformation 10012951 f   libvcruntime:winapi_downlevel.obj
 0001:00011994       ___vcrt_EventUnregister    10012994 f   libvcruntime:winapi_downlevel.obj
 0001:000119ce       ___vcrt_EventWriteTransfer 100129ce f   libvcruntime:winapi_downlevel.obj
 0001:00011a17       ___vcrt_FlsAlloc           10012a17 f   libvcruntime:winapi_downlevel.obj
 0001:00011a51       ___vcrt_FlsFree            10012a51 f   libvcruntime:winapi_downlevel.obj
 0001:00011a8b       ___vcrt_FlsGetValue        10012a8b f   libvcruntime:winapi_downlevel.obj
 0001:00011ac5       ___vcrt_FlsSetValue        10012ac5 f   libvcruntime:winapi_downlevel.obj
 0001:00011b02       ___vcrt_InitializeCriticalSectionEx 10012b02 f   libvcruntime:winapi_downlevel.obj
 0001:00011b48       ___vcrt_initialize_winapi_thunks 10012b48 f   libvcruntime:winapi_downlevel.obj
 0001:00011b6c       ___vcrt_uninitialize_winapi_thunks 10012b6c f   libvcruntime:winapi_downlevel.obj
 0001:00011ba0       __local_unwind4            10012ba0 f   libvcruntime:_exsup4_.obj
 0001:00011c76       __seh_longjmp_unwind4@4    10012c76 f   libvcruntime:_exsup4_.obj
 0001:00011c9e       @_EH4_CallFilterFunc@8     10012c9e f   libvcruntime:_exsup4_.obj
 0001:00011cb5       @_EH4_TransferToHandler@8  10012cb5 f   libvcruntime:_exsup4_.obj
 0001:00011cce       @_EH4_GlobalUnwind2@8      10012cce f   libvcruntime:_exsup4_.obj
 0001:00011ce7       @_EH4_LocalUnwind@16       10012ce7 f   libvcruntime:_exsup4_.obj
 0001:00011cfe       ___except_validate_context_record 10012cfe f   libvcruntime:jbcxrval.obj
 0001:00011cff       ___except_validate_jump_buffer 10012cff f   libvcruntime:jbcxrval.obj
 0001:00011d00       ??$?RU__vcrt_ptd@@@__crt_internal_free_policy@@QBEXQBU__vcrt_ptd@@@Z 10012d00 f i libvcruntime:per_thread_data.obj
 0001:00011d10       ??0?$__crt_unique_heap_ptr@U__vcrt_ptd@@U__crt_internal_free_policy@@@@QAE@QAU__vcrt_ptd@@@Z 10012d10 f i libvcruntime:per_thread_data.obj
 0001:00011d1e       ??1?$__crt_unique_heap_ptr@U__vcrt_ptd@@U__crt_internal_free_policy@@@@QAE@XZ 10012d1e f i libvcruntime:per_thread_data.obj
 0001:00011d2e       ??B?$__crt_unique_heap_ptr@U__vcrt_ptd@@U__crt_internal_free_policy@@@@QBE_NXZ 10012d2e f i libvcruntime:per_thread_data.obj
 0001:00011d36       ?detach@?$__crt_unique_heap_ptr@U__vcrt_ptd@@U__crt_internal_free_policy@@@@QAEPAU__vcrt_ptd@@XZ 10012d36 f i libvcruntime:per_thread_data.obj
 0001:00011d3c       ?get@?$__crt_unique_heap_ptr@U__vcrt_ptd@@U__crt_internal_free_policy@@@@QBEPAU__vcrt_ptd@@XZ 10012d3c f i libvcruntime:per_thread_data.obj
 0001:00011d3f       ?is_valid@?$__crt_unique_heap_ptr@U__vcrt_ptd@@U__crt_internal_free_policy@@@@QBE_NXZ 10012d3f f i libvcruntime:per_thread_data.obj
 0001:00011d47       ?release@?$__crt_unique_heap_ptr@U__vcrt_ptd@@U__crt_internal_free_policy@@@@QAEXXZ 10012d47 f i libvcruntime:per_thread_data.obj
 0001:00011d71       ___vcrt_freefls@4          10012d71 f   libvcruntime:per_thread_data.obj
 0001:00011d8d       ___vcrt_freeptd            10012d8d f   libvcruntime:per_thread_data.obj
 0001:00011dc3       ___vcrt_getptd             10012dc3 f   libvcruntime:per_thread_data.obj
 0001:00011dd1       ___vcrt_getptd_noexit      10012dd1 f   libvcruntime:per_thread_data.obj
 0001:00011e49       ___vcrt_initialize_ptd     10012e49 f   libvcruntime:per_thread_data.obj
 0001:00011e7c       ___vcrt_uninitialize_ptd   10012e7c f   libvcruntime:per_thread_data.obj
 0001:00011e97       ___vcrt_initialize_locks   10012e97 f   libvcruntime:locks.obj
 0001:00011ed3       ___vcrt_lock               10012ed3 f   libvcruntime:locks.obj
 0001:00011ee8       ___vcrt_uninitialize_locks 10012ee8 f   libvcruntime:locks.obj
 0001:00011f17       ___vcrt_unlock             10012f17 f   libvcruntime:locks.obj
 0001:00011f2c       ??$?B$$A6AXXZ@__crt_fast_encoded_nullptr_t@@QBEP6AXXZXZ 10012f2c f i libvcruntime:purevirt_data.obj
 0001:00011f44       ??$__crt_fast_encode_pointer@P6AXXZ@@YAP6AXXZQ6AXXZ@Z 10012f44 f i libvcruntime:purevirt_data.obj
 0001:00011f61       ___vcrt_initialize_pure_virtual_call_handler 10012f61 f   libvcruntime:purevirt_data.obj
 0001:00011f7e       ??$__vcrt_va_start_verify_argument_type@QBD@@YAXXZ 10012f7e f i libvcruntime:undname.obj
 0001:00011f7f       ??0Block@_HeapManager@@QAE@XZ 10012f7f f i libvcruntime:undname.obj
 0001:00011f85       ??0DName@@QAE@AAPBDD@Z     10012f85 f   libvcruntime:undname.obj
 0001:0001203e       ??0DName@@QAE@ABV0@@Z      1001303e f i libvcruntime:undname.obj
 0001:00012054       ??0DName@@QAE@D@Z          10013054 f   libvcruntime:undname.obj
 0001:00012080       ??0DName@@QAE@PAV0@@Z      10013080 f   libvcruntime:undname.obj
 0001:000120cd       ??0DName@@QAE@PBD@Z        100130cd f   libvcruntime:undname.obj
 0001:00012107       ??0DName@@QAE@W4DNameStatus@@@Z 10013107 f   libvcruntime:undname.obj
 0001:0001214a       ??0DName@@QAE@XZ           1001314a f i libvcruntime:undname.obj
 0001:0001215b       ??0DName@@QAE@_J@Z         1001315b f   libvcruntime:undname.obj
 0001:000121f0       ??0DName@@QAE@_K@Z         100131f0 f   libvcruntime:undname.obj
 0001:0001225f       ??0DNameNode@@IAE@XZ       1001325f f   libvcruntime:undname.obj
 0001:00012268       ??0DNameStatusNode@@AAE@W4DNameStatus@@@Z 10013268 f   libvcruntime:undname.obj
 0001:0001228b       ??0Replicator@@QAE@XZ      1001328b f i libvcruntime:undname.obj
 0001:00012291       ??0UnDecorator@@QAE@PADPBDHP6APADJ@ZK@Z 10013291 f i libvcruntime:undname.obj
 0001:000122fa       ??0charNode@@QAE@D@Z       100132fa f   libvcruntime:undname.obj
 0001:0001230f       ??0pDNameNode@@QAE@PAVDName@@@Z 1001330f f   libvcruntime:undname.obj
 0001:00012337       ??0pairNode@@QAE@PAVDNameNode@@0@Z 10013337 f   libvcruntime:undname.obj
 0001:00012356       ??0pcharNode@@QAE@PBDH@Z   10013356 f   libvcruntime:undname.obj
 0001:000123af       ??2@YAPAXIAAV_HeapManager@@H@Z 100133af f i libvcruntime:undname.obj
 0001:000123c4       ??4DName@@QAEAAV0@ABV0@@Z  100133c4 f   libvcruntime:undname.obj
 0001:000123da       ??4DName@@QAEAAV0@D@Z      100133da f i libvcruntime:undname.obj
 0001:00012406       ??4DName@@QAEAAV0@PAV0@@Z  10013406 f   libvcruntime:undname.obj
 0001:0001244f       ??4DName@@QAEAAV0@PBD@Z    1001344f f   libvcruntime:undname.obj
 0001:00012481       ??4DName@@QAEAAV0@W4DNameStatus@@@Z 10013481 f   libvcruntime:undname.obj
 0001:000124b6       ??AReplicator@@QBE?AVDName@@H@Z 100134b6 f   libvcruntime:undname.obj
 0001:000124f2       ??BUnDecorator@@QAEPADXZ   100134f2 f i libvcruntime:undname.obj
 0001:0001266d       ??H@YA?AVDName@@DABV0@@Z   1001366d f i libvcruntime:undname.obj
 0001:00012691       ??H@YA?AVDName@@PBDABV0@@Z 10013691 f i libvcruntime:undname.obj
 0001:000126b5       ??H@YA?AVDName@@W4DNameStatus@@ABV0@@Z 100136b5 f i libvcruntime:undname.obj
 0001:000126d9       ??HDName@@QBE?AV0@ABV0@@Z  100136d9 f   libvcruntime:undname.obj
 0001:000126fb       ??HDName@@QBE?AV0@D@Z      100136fb f   libvcruntime:undname.obj
 0001:0001271d       ??HDName@@QBE?AV0@PAV0@@Z  1001371d f   libvcruntime:undname.obj
 0001:0001273f       ??HDName@@QBE?AV0@PBD@Z    1001373f f   libvcruntime:undname.obj
 0001:00012761       ??HDName@@QBE?AV0@W4DNameStatus@@@Z 10013761 f   libvcruntime:undname.obj
 0001:00012783       ??YDName@@QAEAAV0@ABV0@@Z  10013783 f   libvcruntime:undname.obj
 0001:000127c6       ??YDName@@QAEAAV0@D@Z      100137c6 f   libvcruntime:undname.obj
 0001:00012816       ??YDName@@QAEAAV0@PAV0@@Z  10013816 f   libvcruntime:undname.obj
 0001:0001287b       ??YDName@@QAEAAV0@PBD@Z    1001387b f   libvcruntime:undname.obj
 0001:000128dc       ??YDName@@QAEAAV0@W4DNameStatus@@@Z 100138dc f   libvcruntime:undname.obj
 0001:0001291c       ??YReplicator@@QAEAAV0@ABVDName@@@Z 1001391c f   libvcruntime:undname.obj
 0001:00012966       ??_5DName@@QAEAAV0@ABV0@@Z 10013966 f   libvcruntime:undname.obj
 0001:00012982       ?Constructor@_HeapManager@@QAEXP6APAXI@ZP6AXPAX@Z@Z 10013982 f i libvcruntime:undname.obj
 0001:0001299f       ?Destructor@_HeapManager@@QAEXXZ 1001399f f i libvcruntime:undname.obj
 0001:000129d8       ?UScore@UnDecorator@@SAPBDW4Tokens@@@Z 100139d8 f   libvcruntime:undname.obj
 0001:000129f5       ?append@DName@@AAEXPAVDNameNode@@@Z 100139f5 f   libvcruntime:undname.obj
 0001:00012a3b       ?composeDeclaration@UnDecorator@@CA?AVDName@@ABV2@@Z 10013a3b f i libvcruntime:undname.obj
 0001:0001375d       ?doAccessSpecifiers@UnDecorator@@SAHXZ 1001475d f i libvcruntime:undname.obj
 0001:0001376b       ?doAllocationLanguage@UnDecorator@@SAHXZ 1001476b f i libvcruntime:undname.obj
 0001:00013779       ?doAllocationModel@UnDecorator@@SAHXZ 10014779 f i libvcruntime:undname.obj
 0001:00013787       ?doEcsu@UnDecorator@@SAHXZ 10014787 f i libvcruntime:undname.obj
 0001:00013795       ?doEllipsis@UnDecorator@@SAHXZ 10014795 f i libvcruntime:undname.obj
 0001:000137a3       ?doFunctionReturns@UnDecorator@@SAHXZ 100147a3 f i libvcruntime:undname.obj
 0001:000137b1       ?doMSKeywords@UnDecorator@@SAHXZ 100147b1 f i libvcruntime:undname.obj
 0001:000137be       ?doMemberTypes@UnDecorator@@SAHXZ 100147be f i libvcruntime:undname.obj
 0001:000137cc       ?doNameOnly@UnDecorator@@SAHXZ 100147cc f i libvcruntime:undname.obj
 0001:000137d7       ?doNoIdentCharCheck@UnDecorator@@SAHXZ 100147d7 f i libvcruntime:undname.obj
 0001:000137e2       ?doPchar@DName@@AAEXPBDH@Z 100147e2 f   libvcruntime:undname.obj
 0001:0001386c       ?doPtr64@UnDecorator@@SAHXZ 1001486c f i libvcruntime:undname.obj
 0001:0001387a       ?doRestrictionSpec@UnDecorator@@SAHXZ 1001487a f i libvcruntime:undname.obj
 0001:00013888       ?doThisTypes@UnDecorator@@SAHXZ 10014888 f i libvcruntime:undname.obj
 0001:0001389a       ?doThrowTypes@UnDecorator@@SAHXZ 1001489a f i libvcruntime:undname.obj
 0001:000138a8       ?doTypeOnly@UnDecorator@@SAHXZ 100148a8 f i libvcruntime:undname.obj
 0001:000138b3       ?doUnderScore@UnDecorator@@SAHXZ 100148b3 f i libvcruntime:undname.obj
 0001:000138be       ?getArgumentList@UnDecorator@@CA?AVDName@@XZ 100148be f   libvcruntime:undname.obj
 0001:000139ca       ?getArgumentTypes@UnDecorator@@CA?AVDName@@XZ 100149ca f   libvcruntime:undname.obj
 0001:00013aaa       ?getArrayType@UnDecorator@@CA?AVDName@@ABV2@@Z 10014aaa f i libvcruntime:undname.obj
 0001:00013cac       ?getBasedType@UnDecorator@@CA?AVDName@@XZ 10014cac f   libvcruntime:undname.obj
 0001:00013d45       ?getBasicDataType@UnDecorator@@CA?AVDName@@ABV2@@Z 10014d45 f   libvcruntime:undname.obj
 0001:00014130       ?getCallIndex@UnDecorator@@CA?AVDName@@XZ 10015130 f i libvcruntime:undname.obj
 0001:00014144       ?getCallingConvention@UnDecorator@@CA?AVDName@@XZ 10015144 f   libvcruntime:undname.obj
 0001:00014203       ?getDataIndirectType@UnDecorator@@CA?AVDName@@ABV2@PBD0H@Z 10015203 f   libvcruntime:undname.obj
 0001:00014825       ?getDataIndirectType@UnDecorator@@CA?AVDName@@XZ 10015825 f i libvcruntime:undname.obj
 0001:0001485e       ?getDataType@UnDecorator@@CA?AVDName@@PAV2@@Z 1001585e f   libvcruntime:undname.obj
 0001:00014930       ?getDecoratedName@UnDecorator@@CA?AVDName@@XZ 10015930 f   libvcruntime:undname.obj
 0001:00014b7c       ?getDimension@UnDecorator@@CA?AVDName@@_N@Z 10015b7c f   libvcruntime:undname.obj
 0001:00014cb3       ?getDispatchTarget@UnDecorator@@CA?AVDName@@XZ 10015cb3 f   libvcruntime:undname.obj
 0001:00014d0e       ?getDisplacement@UnDecorator@@CA?AVDName@@XZ 10015d0e f i libvcruntime:undname.obj
 0001:00014d22       ?getECSUDataType@UnDecorator@@CA?AVDName@@XZ 10015d22 f   libvcruntime:undname.obj
 0001:00014e3f       ?getECSUName@UnDecorator@@CA?AVDName@@XZ 10015e3f f i libvcruntime:undname.obj
 0001:00014e50       ?getEnumType@UnDecorator@@CA?AVDName@@XZ 10015e50 f i libvcruntime:undname.obj
 0001:00014f3c       ?getExtendedDataIndirectType@UnDecorator@@CA?AVDName@@AAPBDAA_NH@Z 10015f3c f   libvcruntime:undname.obj
 0001:000150e5       ?getExternalDataType@UnDecorator@@CA?AVDName@@ABV2@@Z 100160e5 f i libvcruntime:undname.obj
 0001:0001515e       ?getFunctionIndirectType@UnDecorator@@CA?AVDName@@ABV2@@Z 1001615e f   libvcruntime:undname.obj
 0001:00015567       ?getGuardNumber@UnDecorator@@CA?AVDName@@XZ 10016567 f i libvcruntime:undname.obj
 0001:0001557b       ?getLastChar@DName@@QBEDXZ 1001657b f i libvcruntime:undname.obj
 0001:0001559a       ?getLastChar@DNameStatusNode@@UBEDXZ 1001659a f i libvcruntime:undname.obj
 0001:000155a6       ?getLastChar@charNode@@UBEDXZ 100165a6 f i libvcruntime:undname.obj
 0001:000155aa       ?getLastChar@pDNameNode@@UBEDXZ 100165aa f i libvcruntime:undname.obj
 0001:000155b8       ?getLastChar@pairNode@@UBEDXZ 100165b8 f i libvcruntime:undname.obj
 0001:000155eb       ?getLastChar@pcharNode@@UBEDXZ 100165eb f i libvcruntime:undname.obj
 0001:000155fd       ?getLexicalFrame@UnDecorator@@CA?AVDName@@XZ 100165fd f i libvcruntime:undname.obj
 0001:0001563a       ?getMemory@_HeapManager@@QAEPAXIH@Z 1001663a f   libvcruntime:undname.obj
 0001:000156c8       ?getNumberOfDimensions@UnDecorator@@CAHXZ 100166c8 f   libvcruntime:undname.obj
 0001:00015729       ?getOperatorName@UnDecorator@@CA?AVDName@@_NPA_N@Z 10016729 f i libvcruntime:undname.obj
 0001:00015d4f       ?getPointerType@UnDecorator@@CA?AVDName@@ABV2@0@Z 10016d4f f i libvcruntime:undname.obj
 0001:00015d6d       ?getPointerTypeArray@UnDecorator@@CA?AVDName@@ABV2@0@Z 10016d6d f i libvcruntime:undname.obj
 0001:00015d8b       ?getPrimaryDataType@UnDecorator@@CA?AVDName@@ABV2@@Z 10016d8b f   libvcruntime:undname.obj
 0001:00015f66       ?getPtrRefDataType@UnDecorator@@CA?AVDName@@ABV2@H@Z 10016f66 f   libvcruntime:undname.obj
 0001:00016068       ?getPtrRefType@UnDecorator@@CA?AVDName@@ABV2@0PBD@Z 10017068 f   libvcruntime:undname.obj
 0001:00016164       ?getReferenceType@UnDecorator@@CA?AVDName@@ABV2@0PBD@Z 10017164 f i libvcruntime:undname.obj
 0001:00016180       ?getRestrictionSpec@UnDecorator@@CA?AVDName@@XZ 10017180 f   libvcruntime:undname.obj
 0001:00016272       ?getReturnType@UnDecorator@@CA?AVDName@@PAV2@@Z 10017272 f   libvcruntime:undname.obj
 0001:000162a1       ?getScope@UnDecorator@@CA?AVDName@@XZ 100172a1 f   libvcruntime:undname.obj
 0001:0001667f       ?getScopedName@UnDecorator@@CA?AVDName@@XZ 1001767f f   libvcruntime:undname.obj
 0001:0001677a       ?getSignedDimension@UnDecorator@@CA?AVDName@@XZ 1001777a f   libvcruntime:undname.obj
 0001:000167cd       ?getStorageConvention@UnDecorator@@CA?AVDName@@XZ 100177cd f i libvcruntime:undname.obj
 0001:000167de       ?getString@DName@@QBEPADPAD0@Z 100177de f i libvcruntime:undname.obj
 0001:0001680a       ?getString@DName@@QBEPADPADH@Z 1001780a f i libvcruntime:undname.obj
 0001:00016860       ?getString@DNameStatusNode@@UBEPADPAD0@Z 10017860 f i libvcruntime:undname.obj
 0001:00016887       ?getString@charNode@@UBEPADPAD0@Z 10017887 f i libvcruntime:undname.obj
 0001:0001689c       ?getString@pDNameNode@@UBEPADPAD0@Z 1001789c f i libvcruntime:undname.obj
 0001:000168b3       ?getString@pairNode@@UBEPADPAD0@Z 100178b3 f i libvcruntime:undname.obj
 0001:000168f7       ?getString@pcharNode@@UBEPADPAD0@Z 100178f7 f i libvcruntime:undname.obj
 0001:00016912       ?getStringEncoding@UnDecorator@@CA?AVDName@@PADH@Z 10017912 f   libvcruntime:undname.obj
 0001:000169b5       ?getStringHelper@@YAPADPAD00H@Z 100179b5 f i libvcruntime:undname.obj
 0001:000169ec       ?getSymbolName@UnDecorator@@CA?AVDName@@XZ 100179ec f i libvcruntime:undname.obj
 0001:00016a34       ?getTemplateArgumentList@UnDecorator@@CA?AVDName@@XZ 10017a34 f   libvcruntime:undname.obj
 0001:00016ce1       ?getTemplateConstant@UnDecorator@@CA?AVDName@@XZ 10017ce1 f   libvcruntime:undname.obj
 0001:00017025       ?getTemplateName@UnDecorator@@CA?AVDName@@_N@Z 10018025 f   libvcruntime:undname.obj
 0001:0001717b       ?getThisType@UnDecorator@@CA?AVDName@@XZ 1001817b f i libvcruntime:undname.obj
 0001:000171b5       ?getThrowTypes@UnDecorator@@CA?AVDName@@XZ 100181b5 f   libvcruntime:undname.obj
 0001:0001723f       ?getTypeEncoding@UnDecorator@@CAHXZ 1001823f f i libvcruntime:undname.obj
 0001:0001773f       ?getVCallThunkType@UnDecorator@@CA?AVDName@@XZ 1001873f f i libvcruntime:undname.obj
 0001:0001777a       ?getVbTableType@UnDecorator@@CA?AVDName@@ABV2@@Z 1001877a f i libvcruntime:undname.obj
 0001:0001778f       ?getVdispMapType@UnDecorator@@CA?AVDName@@ABV2@@Z 1001878f f i libvcruntime:undname.obj
 0001:000177e5       ?getVfTableType@UnDecorator@@CA?AVDName@@ABV2@@Z 100187e5 f i libvcruntime:undname.obj
 0001:0001794a       ?getZName@UnDecorator@@CA?AVDName@@_N0@Z 1001894a f   libvcruntime:undname.obj
 0001:00017b8a       ?haveTemplateParameters@UnDecorator@@SAHXZ 10018b8a f i libvcruntime:undname.obj
 0001:00017b95       ?isArray@DName@@QBEHXZ     10018b95 f i libvcruntime:undname.obj
 0001:00017b9f       ?isComArray@DName@@QBEHXZ  10018b9f f i libvcruntime:undname.obj
 0001:00017ba9       ?isEmpty@DName@@QBEHXZ     10018ba9 f i libvcruntime:undname.obj
 0001:00017bb1       ?isFull@Replicator@@QBEHXZ 10018bb1 f i libvcruntime:undname.obj
 0001:00017bba       ?isNoTE@DName@@QBEHXZ      10018bba f i libvcruntime:undname.obj
 0001:00017bc4       ?isPinPtr@DName@@QBEHXZ    10018bc4 f i libvcruntime:undname.obj
 0001:00017bce       ?isPtrRef@DName@@QBEHXZ    10018bce f i libvcruntime:undname.obj
 0001:00017bd8       ?isUDC@DName@@QBEHXZ       10018bd8 f i libvcruntime:undname.obj
 0001:00017be9       ?isUDTThunk@DName@@QBEHXZ  10018be9 f i libvcruntime:undname.obj
 0001:00017bfa       ?isVCallThunk@DName@@QBEHXZ 10018bfa f i libvcruntime:undname.obj
 0001:00017c04       ?isValid@DName@@QBEHXZ     10018c04 f i libvcruntime:undname.obj
 0001:00017c0e       ?length@DName@@QBEHXZ      10018c0e f i libvcruntime:undname.obj
 0001:00017c2c       ?length@DNameStatusNode@@UBEHXZ 10018c2c f i libvcruntime:undname.obj
 0001:00017c30       ?length@charNode@@UBEHXZ   10018c30 f i libvcruntime:undname.obj
 0001:00017c34       ?length@pDNameNode@@UBEHXZ 10018c34 f i libvcruntime:undname.obj
 0001:00017c42       ?length@pairNode@@UBEHXZ   10018c42 f i libvcruntime:undname.obj
 0001:00017c8c       ?length@pcharNode@@UBEHXZ  10018c8c f i libvcruntime:undname.obj
 0001:00017c90       ?make@DNameStatusNode@@SAPAV1@W4DNameStatus@@@Z 10018c90 f i libvcruntime:undname.obj
 0001:00017d16       ?setIsArray@DName@@QAEXXZ  10018d16 f i libvcruntime:undname.obj
 0001:00017d1e       ?setIsComArray@DName@@QAEXXZ 10018d1e f i libvcruntime:undname.obj
 0001:00017d26       ?setIsNoTE@DName@@QAEXXZ   10018d26 f i libvcruntime:undname.obj
 0001:00017d2e       ?setIsPinPtr@DName@@QAEXXZ 10018d2e f i libvcruntime:undname.obj
 0001:00017d36       ?setIsUDC@DName@@QAEXXZ    10018d36 f i libvcruntime:undname.obj
 0001:00017d43       ?setIsVCallThunk@DName@@QAEXXZ 10018d43 f i libvcruntime:undname.obj
 0001:00017d4b       ?setPtrRef@DName@@QAEAAV1@XZ 10018d4b f i libvcruntime:undname.obj
 0001:00017d55       ?status@DName@@QBE?AW4DNameStatus@@XZ 10018d55 f i libvcruntime:undname.obj
 0001:00017dc1       ___unDName                 10018dc1 f   libvcruntime:undname.obj
 0001:00017e56       ___unDNameEx               10018e56 f   libvcruntime:undname.obj
 0001:00017eeb       __vsprintf_s_l             10018eeb f i libvcruntime:undname.obj
 0001:00017f18       _sprintf_s                 10018f18 f i libvcruntime:undname.obj
 0001:00017f40       __global_unwind2           10018f40 f   libvcruntime:_exsup_.obj
 0001:00017fa5       __local_unwind2            10018fa5 f   libvcruntime:_exsup_.obj
 0001:00018029       __abnormal_termination     10019029 f   libvcruntime:_exsup_.obj
 0001:0001804c       __NLG_Notify1              1001904c f   libvcruntime:_exsup_.obj
 0001:00018055       __NLG_Notify               10019055 f   libvcruntime:_exsup_.obj
 0001:0001806c       __NLG_Dispatch             1001906c     libvcruntime:_exsup_.obj
 0001:0001806c       __NLG_Dispatch2            1001906c     libvcruntime:_exsup_.obj
 0001:00018074       __NLG_Call                 10019074 f   libvcruntime:_exsup_.obj
 0001:00018076       __NLG_Return2              10019076     libvcruntime:_exsup_.obj
 0001:00018077       ??$__crt_fast_decode_pointer@P6AXXZ@@YAP6AXXZQ6AXXZ@Z 10019077 f i libvcruntime:purevirt.obj
 0001:0001808b       ??$__crt_interlocked_compare_exchange_pointer@$$A6AXXZ$$T$$T@@YAP6AXXZPDS6AXXZ$$T1@Z 1001908b f i libvcruntime:purevirt.obj
 0001:0001809d       ??$__crt_interlocked_exchange_pointer@$$A6AXXZP6AXXZ@@YAP6AXXZPDS6AXXZQ6AXXZ@Z 1001909d f i libvcruntime:purevirt.obj
 0001:000180aa       ??$__crt_interlocked_read_pointer@$$A6AXXZ@@YAP6AXXZPDS6AXXZ@Z 100190aa f i libvcruntime:purevirt.obj
 0001:000180ba       __get_purecall_handler     100190ba f   libvcruntime:purevirt.obj
 0001:000180d9       __purecall                 100190d9 f   libvcruntime:purevirt.obj
 0001:000180f4       __set_purecall_handler     100190f4 f   libvcruntime:purevirt.obj
 0001:000184a1       __lseek                    100194a1 f   libucrt:lseek.obj
 0001:000184ac       __lseek_nolock             100194ac f   libucrt:lseek.obj
 0001:000184b7       __lseeki64                 100194b7 f   libucrt:lseek.obj
 0001:000184d2       __lseeki64_nolock          100194d2 f   libucrt:lseek.obj
 0001:000184ed       ??$?R_W@__crt_internal_free_policy@@QBEXQB_W@Z 100194ed f i libucrt:open.obj
 0001:000184ff       ??$__vcrt_va_start_verify_argument_type@$$CBH@@YAXXZ 100194ff f i libucrt:open.obj
 0001:000187f8       ??$tsopen_nolock@PAHABQAHABQBDABHABHABHABH@?$__crt_char_traits@D@@SAH$$QAPAHABQAHABQBDABH333@Z 100197f8 f i libucrt:open.obj
 0001:0001882a       ??$tsopen_nolock@PAHABQAHABQB_WABHABHABHABH@?$__crt_char_traits@_W@@SAH$$QAPAHABQAHABQB_WABH333@Z 1001982a f i libucrt:open.obj
 0001:0001885c       ??$tsopen_nolock@PAHPAHABQBDABHHABHH@?$__crt_char_traits@D@@SAH$$QAPAH0ABQBDABH$$QAH23@Z 1001985c f i libucrt:open.obj
 0001:0001888e       ??$tsopen_nolock@PAHPAHABQB_WABHHABHH@?$__crt_char_traits@_W@@SAH$$QAPAH0ABQB_WABH$$QAH23@Z 1001988e f i libucrt:open.obj
 0001:000188c0       ??0?$__crt_unique_heap_ptr@_WU__crt_internal_free_policy@@@@QAE@QA_W@Z 100198c0 f i libucrt:open.obj
 0001:000188d0       ??1?$__crt_unique_heap_ptr@_WU__crt_internal_free_policy@@@@QAE@XZ 100198d0 f i libucrt:open.obj
 0001:00018e40       ?release@?$__crt_unique_heap_ptr@_WU__crt_internal_free_policy@@@@QAEXXZ 10019e40 f i libucrt:open.obj
 0001:00018f02       __invoke_watson_if_error   10019f02 f i libucrt:open.obj
 0001:00018f24       __open                     10019f24 f   libucrt:open.obj
 0001:00018f3c       __sopen                    10019f3c f   libucrt:open.obj
 0001:00018f71       __sopen_dispatch           10019f71 f   libucrt:open.obj
 0001:00018f7c       __sopen_nolock             10019f7c f   libucrt:open.obj
 0001:00018fcd       __sopen_s                  10019fcd f   libucrt:open.obj
 0001:00018fed       __wopen                    10019fed f   libucrt:open.obj
 0001:00019005       __wsopen                   1001a005 f   libucrt:open.obj
 0001:0001903a       __wsopen_dispatch          1001a03a f   libucrt:open.obj
 0001:00019045       __wsopen_nolock            1001a045 f   libucrt:open.obj
 0001:0001936e       __wsopen_s                 1001a36e f   libucrt:open.obj
 0001:0001938e       ??$__crt_interlocked_read@J@@YAJPDJ@Z 1001a38e f i libucrt:wcstombs.obj
 0001:0001939a       ??0_LocaleUpdate@@QAE@QAU__crt_locale_pointers@@@Z 1001a39a f i libucrt:wcstombs.obj
 0001:0001941d       ??1_LocaleUpdate@@QAE@XZ   1001a41d f i libucrt:wcstombs.obj
 0001:0001942d       ?GetLocaleT@_LocaleUpdate@@QAEPAU__crt_locale_pointers@@XZ 1001a42d f i libucrt:wcstombs.obj
 0001:00019431       ?__crt_interlocked_read_32@@YAHPDH@Z 1001a431 f i libucrt:wcstombs.obj
 0001:000196f5       ___acrt_locale_changed     1001a6f5 f i libucrt:wcstombs.obj
 0001:00019703       __wcstombs_l               1001a703 f   libucrt:wcstombs.obj
 0001:0001970e       __wcstombs_s_l             1001a70e f   libucrt:wcstombs.obj
 0001:000197db       _wcstombs                  1001a7db f   libucrt:wcstombs.obj
 0001:000197f5       _wcstombs_s                1001a7f5 f   libucrt:wcstombs.obj
 0001:00019815       ??$?0ABV?$stream_output_adapter@D@__crt_stdio_output@@AB_KABQBDABQAU__crt_locale_pointers@@ABQAD@?$format_validation_base@DV?$stream_output_adapter@D@__crt_stdio_output@@@__crt_stdio_output@@IAE@ABV?$stream_output_adapter@D@1@AB_KABQBDABQAU__crt_locale_pointers@@ABQAD@Z 1001a815 f i libucrt:output.obj
 0001:00019838       ??$?0ABV?$stream_output_adapter@D@__crt_stdio_output@@AB_KABQBDABQAU__crt_locale_pointers@@ABQAD@?$positional_parameter_base@DV?$stream_output_adapter@D@__crt_stdio_output@@@__crt_stdio_output@@IAE@ABV?$stream_output_adapter@D@1@AB_KABQBDABQAU__crt_locale_pointers@@ABQAD@Z 1001a838 f i libucrt:output.obj
 0001:00019880       ??$?0ABV?$stream_output_adapter@D@__crt_stdio_output@@AB_KABQBDABQAU__crt_locale_pointers@@ABQAD@?$standard_base@DV?$stream_output_adapter@D@__crt_stdio_output@@@__crt_stdio_output@@IAE@ABV?$stream_output_adapter@D@1@AB_KABQBDABQAU__crt_locale_pointers@@ABQAD@Z 1001a880 f i libucrt:output.obj
 0001:000198b5       ??$?0ABV?$stream_output_adapter@_W@__crt_stdio_output@@AB_KABQB_WABQAU__crt_locale_pointers@@ABQAD@?$format_validation_base@_WV?$stream_output_adapter@_W@__crt_stdio_output@@@__crt_stdio_output@@IAE@ABV?$stream_output_adapter@_W@1@AB_KABQB_WABQAU__crt_locale_pointers@@ABQAD@Z 1001a8b5 f i libucrt:output.obj
 0001:000198d8       ??$?0ABV?$stream_output_adapter@_W@__crt_stdio_output@@AB_KABQB_WABQAU__crt_locale_pointers@@ABQAD@?$positional_parameter_base@_WV?$stream_output_adapter@_W@__crt_stdio_output@@@__crt_stdio_output@@IAE@ABV?$stream_output_adapter@_W@1@AB_KABQB_WABQAU__crt_locale_pointers@@ABQAD@Z 1001a8d8 f i libucrt:output.obj
 0001:00019920       ??$?0ABV?$stream_output_adapter@_W@__crt_stdio_output@@AB_KABQB_WABQAU__crt_locale_pointers@@ABQAD@?$standard_base@_WV?$stream_output_adapter@_W@__crt_stdio_output@@@__crt_stdio_output@@IAE@ABV?$stream_output_adapter@_W@1@AB_KABQB_WABQAU__crt_locale_pointers@@ABQAD@Z 1001a920 f i libucrt:output.obj
 0001:00019955       ??$?0ABV?$string_output_adapter@D@__crt_stdio_output@@AB_KABQBDABQAU__crt_locale_pointers@@ABQAD@?$format_validation_base@DV?$string_output_adapter@D@__crt_stdio_output@@@__crt_stdio_output@@IAE@ABV?$string_output_adapter@D@1@AB_KABQBDABQAU__crt_locale_pointers@@ABQAD@Z 1001a955 f i libucrt:output.obj
 0001:00019978       ??$?0ABV?$string_output_adapter@D@__crt_stdio_output@@AB_KABQBDABQAU__crt_locale_pointers@@ABQAD@?$positional_parameter_base@DV?$string_output_adapter@D@__crt_stdio_output@@@__crt_stdio_output@@IAE@ABV?$string_output_adapter@D@1@AB_KABQBDABQAU__crt_locale_pointers@@ABQAD@Z 1001a978 f i libucrt:output.obj
 0001:000199c0       ??$?0ABV?$string_output_adapter@D@__crt_stdio_output@@AB_KABQBDABQAU__crt_locale_pointers@@ABQAD@?$standard_base@DV?$string_output_adapter@D@__crt_stdio_output@@@__crt_stdio_output@@IAE@ABV?$string_output_adapter@D@1@AB_KABQBDABQAU__crt_locale_pointers@@ABQAD@Z 1001a9c0 f i libucrt:output.obj
 0001:000199f5       ??$?0ABV?$string_output_adapter@_W@__crt_stdio_output@@AB_KABQB_WABQAU__crt_locale_pointers@@ABQAD@?$format_validation_base@_WV?$string_output_adapter@_W@__crt_stdio_output@@@__crt_stdio_output@@IAE@ABV?$string_output_adapter@_W@1@AB_KABQB_WABQAU__crt_locale_pointers@@ABQAD@Z 1001a9f5 f i libucrt:output.obj
 0001:00019a18       ??$?0ABV?$string_output_adapter@_W@__crt_stdio_output@@AB_KABQB_WABQAU__crt_locale_pointers@@ABQAD@?$positional_parameter_base@_WV?$string_output_adapter@_W@__crt_stdio_output@@@__crt_stdio_output@@IAE@ABV?$string_output_adapter@_W@1@AB_KABQB_WABQAU__crt_locale_pointers@@ABQAD@Z 1001aa18 f i libucrt:output.obj
 0001:00019a60       ??$?0ABV?$string_output_adapter@_W@__crt_stdio_output@@AB_KABQB_WABQAU__crt_locale_pointers@@ABQAD@?$standard_base@_WV?$string_output_adapter@_W@__crt_stdio_output@@@__crt_stdio_output@@IAE@ABV?$string_output_adapter@_W@1@AB_KABQB_WABQAU__crt_locale_pointers@@ABQAD@Z 1001aa60 f i libucrt:output.obj
 0001:00019a95       ??$?RV<lambda_2293f24e3ce1ad6fe22ccfb9dec07671>@@AAV<lambda_2565fc715a641e539f44ad02d6823606>@@V<lambda_d3217f279b832965d9ca670dc2993570>@@@?$__crt_seh_guarded_call@H@@QAEH$$QAV<lambda_2293f24e3ce1ad6fe22ccfb9dec07671>@@AAV<lambda_2565fc715a641e539f44ad02d6823606>@@$$QAV<lambda_d3217f279b832965d9ca670dc2993570>@@@Z 1001aa95 f i libucrt:output.obj
 0001:00019ae6       ??$?RV<lambda_4d4ac866be0fa3c441830420fabdd2cb>@@AAV<lambda_63a10c2dc8dbb9e4dd1890be52af7c93>@@V<lambda_002af9fa0f8fe472b648c51882d4fc32>@@@?$__crt_seh_guarded_call@H@@QAEH$$QAV<lambda_4d4ac866be0fa3c441830420fabdd2cb>@@AAV<lambda_63a10c2dc8dbb9e4dd1890be52af7c93>@@$$QAV<lambda_002af9fa0f8fe472b648c51882d4fc32>@@@Z 1001aae6 f i libucrt:output.obj
 0001:00019b37       ??$?RV<lambda_5be909dfbae0a631386585770cd7b676>@@AAV<lambda_e516058a9c289d98c8ca9fea99247804>@@V<lambda_afe2e0cdc5e0ecf6f0d6f5e2f8985e38>@@@?$__crt_seh_guarded_call@H@@QAEH$$QAV<lambda_5be909dfbae0a631386585770cd7b676>@@AAV<lambda_e516058a9c289d98c8ca9fea99247804>@@$$QAV<lambda_afe2e0cdc5e0ecf6f0d6f5e2f8985e38>@@@Z 1001ab37 f i libucrt:output.obj
 0001:00019b88       ??$?RV<lambda_823d65812123d985753d53e2a8c25d20>@@AAV<lambda_0a97c9e57da7be065955385c79108ff2>@@V<lambda_4d2973f3ad2d226f00468307185dca1b>@@@?$__crt_seh_guarded_call@H@@QAEH$$QAV<lambda_823d65812123d985753d53e2a8c25d20>@@AAV<lambda_0a97c9e57da7be065955385c79108ff2>@@$$QAV<lambda_4d2973f3ad2d226f00468307185dca1b>@@@Z 1001ab88 f i libucrt:output.obj
 0001:00019bd9       ??$?RV<lambda_ab9923ffb5d694ec0d78876dd103e44f>@@AAV<lambda_481dd5778c961fbcd3b60b650e9b9dc4>@@V<lambda_7923d86c9e3f319b415918ec4b39749c>@@@?$__crt_seh_guarded_call@H@@QAEH$$QAV<lambda_ab9923ffb5d694ec0d78876dd103e44f>@@AAV<lambda_481dd5778c961fbcd3b60b650e9b9dc4>@@$$QAV<lambda_7923d86c9e3f319b415918ec4b39749c>@@@Z 1001abd9 f i libucrt:output.obj
 0001:00019c2a       ??$?RV<lambda_db08b09ef7aa9d4f8620ce68402612bc>@@AAV<lambda_4f2c1eaeead2a5fc776db5b62ea0fb9b>@@V<lambda_3ae262bc35d4ba6a3825c4f6bcaaf95c>@@@?$__crt_seh_guarded_call@H@@QAEH$$QAV<lambda_db08b09ef7aa9d4f8620ce68402612bc>@@AAV<lambda_4f2c1eaeead2a5fc776db5b62ea0fb9b>@@$$QAV<lambda_3ae262bc35d4ba6a3825c4f6bcaaf95c>@@@Z 1001ac2a f i libucrt:output.obj
 0001:00019c7b       ??$__acrt_lock_stream_and_call@V<lambda_0a97c9e57da7be065955385c79108ff2>@@@@YAHQAU_iobuf@@$$QAV<lambda_0a97c9e57da7be065955385c79108ff2>@@@Z 1001ac7b f i libucrt:output.obj
 0001:00019ca3       ??$__acrt_lock_stream_and_call@V<lambda_2565fc715a641e539f44ad02d6823606>@@@@YAHQAU_iobuf@@$$QAV<lambda_2565fc715a641e539f44ad02d6823606>@@@Z 1001aca3 f i libucrt:output.obj
 0001:00019ccb       ??$__acrt_lock_stream_and_call@V<lambda_481dd5778c961fbcd3b60b650e9b9dc4>@@@@YAHQAU_iobuf@@$$QAV<lambda_481dd5778c961fbcd3b60b650e9b9dc4>@@@Z 1001accb f i libucrt:output.obj
 0001:00019cf3       ??$__acrt_lock_stream_and_call@V<lambda_4f2c1eaeead2a5fc776db5b62ea0fb9b>@@@@YAHQAU_iobuf@@$$QAV<lambda_4f2c1eaeead2a5fc776db5b62ea0fb9b>@@@Z 1001acf3 f i libucrt:output.obj
 0001:00019d1b       ??$__acrt_lock_stream_and_call@V<lambda_63a10c2dc8dbb9e4dd1890be52af7c93>@@@@YAHQAU_iobuf@@$$QAV<lambda_63a10c2dc8dbb9e4dd1890be52af7c93>@@@Z 1001ad1b f i libucrt:output.obj
 0001:00019d43       ??$__acrt_lock_stream_and_call@V<lambda_e516058a9c289d98c8ca9fea99247804>@@@@YAHQAU_iobuf@@$$QAV<lambda_e516058a9c289d98c8ca9fea99247804>@@@Z 1001ad43 f i libucrt:output.obj
 0001:0001ac04       ??$count@D@formatting_buffer@__crt_stdio_output@@QBEIXZ 1001bc04 f i libucrt:output.obj
 0001:0001ac1c       ??$data@D@formatting_buffer@__crt_stdio_output@@QAEPADXZ 1001bc1c f i libucrt:output.obj
 0001:0001ac29       ??$data@_W@formatting_buffer@__crt_stdio_output@@QAEPA_WXZ 1001bc29 f i libucrt:output.obj
 0001:0001ac36       ??$ensure_buffer_is_big_enough@D@formatting_buffer@__crt_stdio_output@@QAE_NI@Z 1001bc36 f i libucrt:output.obj
 0001:0001acbc       ??$extract_argument_from_va_list@C_J@?$positional_parameter_base@DV?$stream_output_adapter@D@__crt_stdio_output@@@__crt_stdio_output@@IAE_NAA_J@Z 1001bcbc f i libucrt:output.obj
 0001:0001ad3b       ??$extract_argument_from_va_list@C_J@?$positional_parameter_base@DV?$string_output_adapter@D@__crt_stdio_output@@@__crt_stdio_output@@IAE_NAA_J@Z 1001bd3b f i libucrt:output.obj
 0001:0001adba       ??$extract_argument_from_va_list@C_J@?$positional_parameter_base@_WV?$stream_output_adapter@_W@__crt_stdio_output@@@__crt_stdio_output@@IAE_NAA_J@Z 1001bdba f i libucrt:output.obj
 0001:0001ae39       ??$extract_argument_from_va_list@C_J@?$positional_parameter_base@_WV?$string_output_adapter@_W@__crt_stdio_output@@@__crt_stdio_output@@IAE_NAA_J@Z 1001be39 f i libucrt:output.obj
 0001:0001aeb8       ??$extract_argument_from_va_list@C_J@?$standard_base@DV?$stream_output_adapter@D@__crt_stdio_output@@@__crt_stdio_output@@IAE_NAA_J@Z 1001beb8 f i libucrt:output.obj
 0001:0001aed7       ??$extract_argument_from_va_list@C_J@?$standard_base@DV?$string_output_adapter@D@__crt_stdio_output@@@__crt_stdio_output@@IAE_NAA_J@Z 1001bed7 f i libucrt:output.obj
 0001:0001aef6       ??$extract_argument_from_va_list@C_J@?$standard_base@_WV?$stream_output_adapter@_W@__crt_stdio_output@@@__crt_stdio_output@@IAE_NAA_J@Z 1001bef6 f i libucrt:output.obj
 0001:0001af15       ??$extract_argument_from_va_list@C_J@?$standard_base@_WV?$string_output_adapter@_W@__crt_stdio_output@@@__crt_stdio_output@@IAE_NAA_J@Z 1001bf15 f i libucrt:output.obj
 0001:0001af34       ??$extract_argument_from_va_list@E_J@?$positional_parameter_base@DV?$stream_output_adapter@D@__crt_stdio_output@@@__crt_stdio_output@@IAE_NAA_J@Z 1001bf34 f i libucrt:output.obj
 0001:0001afb3       ??$extract_argument_from_va_list@E_J@?$positional_parameter_base@DV?$string_output_adapter@D@__crt_stdio_output@@@__crt_stdio_output@@IAE_NAA_J@Z 1001bfb3 f i libucrt:output.obj
 0001:0001b032       ??$extract_argument_from_va_list@E_J@?$positional_parameter_base@_WV?$stream_output_adapter@_W@__crt_stdio_output@@@__crt_stdio_output@@IAE_NAA_J@Z 1001c032 f i libucrt:output.obj
 0001:0001b0b1       ??$extract_argument_from_va_list@E_J@?$positional_parameter_base@_WV?$string_output_adapter@_W@__crt_stdio_output@@@__crt_stdio_output@@IAE_NAA_J@Z 1001c0b1 f i libucrt:output.obj
 0001:0001b130       ??$extract_argument_from_va_list@E_J@?$standard_base@DV?$stream_output_adapter@D@__crt_stdio_output@@@__crt_stdio_output@@IAE_NAA_J@Z 1001c130 f i libucrt:output.obj
 0001:0001b14f       ??$extract_argument_from_va_list@E_J@?$standard_base@DV?$string_output_adapter@D@__crt_stdio_output@@@__crt_stdio_output@@IAE_NAA_J@Z 1001c14f f i libucrt:output.obj
 0001:0001b16e       ??$extract_argument_from_va_list@E_J@?$standard_base@_WV?$stream_output_adapter@_W@__crt_stdio_output@@@__crt_stdio_output@@IAE_NAA_J@Z 1001c16e f i libucrt:output.obj
 0001:0001b18d       ??$extract_argument_from_va_list@E_J@?$standard_base@_WV?$string_output_adapter@_W@__crt_stdio_output@@@__crt_stdio_output@@IAE_NAA_J@Z 1001c18d f i libucrt:output.obj
 0001:0001b1ac       ??$extract_argument_from_va_list@F_J@?$positional_parameter_base@DV?$stream_output_adapter@D@__crt_stdio_output@@@__crt_stdio_output@@IAE_NAA_J@Z 1001c1ac f i libucrt:output.obj
 0001:0001b22b       ??$extract_argument_from_va_list@F_J@?$positional_parameter_base@DV?$string_output_adapter@D@__crt_stdio_output@@@__crt_stdio_output@@IAE_NAA_J@Z 1001c22b f i libucrt:output.obj
 0001:0001b2aa       ??$extract_argument_from_va_list@F_J@?$positional_parameter_base@_WV?$stream_output_adapter@_W@__crt_stdio_output@@@__crt_stdio_output@@IAE_NAA_J@Z 1001c2aa f i libucrt:output.obj
 0001:0001b329       ??$extract_argument_from_va_list@F_J@?$positional_parameter_base@_WV?$string_output_adapter@_W@__crt_stdio_output@@@__crt_stdio_output@@IAE_NAA_J@Z 1001c329 f i libucrt:output.obj
 0001:0001b3a8       ??$extract_argument_from_va_list@F_J@?$standard_base@DV?$stream_output_adapter@D@__crt_stdio_output@@@__crt_stdio_output@@IAE_NAA_J@Z 1001c3a8 f i libucrt:output.obj
 0001:0001b3c7       ??$extract_argument_from_va_list@F_J@?$standard_base@DV?$string_output_adapter@D@__crt_stdio_output@@@__crt_stdio_output@@IAE_NAA_J@Z 1001c3c7 f i libucrt:output.obj
 0001:0001b3e6       ??$extract_argument_from_va_list@F_J@?$standard_base@_WV?$stream_output_adapter@_W@__crt_stdio_output@@@__crt_stdio_output@@IAE_NAA_J@Z 1001c3e6 f i libucrt:output.obj
 0001:0001b405       ??$extract_argument_from_va_list@F_J@?$standard_base@_WV?$string_output_adapter@_W@__crt_stdio_output@@@__crt_stdio_output@@IAE_NAA_J@Z 1001c405 f i libucrt:output.obj
 0001:0001b424       ??$extract_argument_from_va_list@GD@?$positional_parameter_base@DV?$stream_output_adapter@D@__crt_stdio_output@@@__crt_stdio_output@@IAE_NAAD@Z 1001c424 f i libucrt:output.obj
 0001:0001b4a2       ??$extract_argument_from_va_list@GD@?$positional_parameter_base@DV?$string_output_adapter@D@__crt_stdio_output@@@__crt_stdio_output@@IAE_NAAD@Z 1001c4a2 f i libucrt:output.obj
 0001:0001b520       ??$extract_argument_from_va_list@GD@?$standard_base@DV?$stream_output_adapter@D@__crt_stdio_output@@@__crt_stdio_output@@IAE_NAAD@Z 1001c520 f i libucrt:output.obj
 0001:0001b53a       ??$extract_argument_from_va_list@GD@?$standard_base@DV?$string_output_adapter@D@__crt_stdio_output@@@__crt_stdio_output@@IAE_NAAD@Z 1001c53a f i libucrt:output.obj
 0001:0001b554       ??$extract_argument_from_va_list@G_J@?$positional_parameter_base@DV?$stream_output_adapter@D@__crt_stdio_output@@@__crt_stdio_output@@IAE_NAA_J@Z 1001c554 f i libucrt:output.obj
 0001:0001b5d3       ??$extract_argument_from_va_list@G_J@?$positional_parameter_base@DV?$string_output_adapter@D@__crt_stdio_output@@@__crt_stdio_output@@IAE_NAA_J@Z 1001c5d3 f i libucrt:output.obj
 0001:0001b652       ??$extract_argument_from_va_list@G_J@?$positional_parameter_base@_WV?$stream_output_adapter@_W@__crt_stdio_output@@@__crt_stdio_output@@IAE_NAA_J@Z 1001c652 f i libucrt:output.obj
 0001:0001b6d1       ??$extract_argument_from_va_list@G_J@?$positional_parameter_base@_WV?$string_output_adapter@_W@__crt_stdio_output@@@__crt_stdio_output@@IAE_NAA_J@Z 1001c6d1 f i libucrt:output.obj
 0001:0001b750       ??$extract_argument_from_va_list@G_J@?$standard_base@DV?$stream_output_adapter@D@__crt_stdio_output@@@__crt_stdio_output@@IAE_NAA_J@Z 1001c750 f i libucrt:output.obj
 0001:0001b76f       ??$extract_argument_from_va_list@G_J@?$standard_base@DV?$string_output_adapter@D@__crt_stdio_output@@@__crt_stdio_output@@IAE_NAA_J@Z 1001c76f f i libucrt:output.obj
 0001:0001b78e       ??$extract_argument_from_va_list@G_J@?$standard_base@_WV?$stream_output_adapter@_W@__crt_stdio_output@@@__crt_stdio_output@@IAE_NAA_J@Z 1001c78e f i libucrt:output.obj
 0001:0001b7ad       ??$extract_argument_from_va_list@G_J@?$standard_base@_WV?$string_output_adapter@_W@__crt_stdio_output@@@__crt_stdio_output@@IAE_NAA_J@Z 1001c7ad f i libucrt:output.obj
 0001:0001b7cc       ??$extract_argument_from_va_list@H_J@?$positional_parameter_base@DV?$stream_output_adapter@D@__crt_stdio_output@@@__crt_stdio_output@@IAE_NAA_J@Z 1001c7cc f i libucrt:output.obj
 0001:0001b849       ??$extract_argument_from_va_list@H_J@?$positional_parameter_base@DV?$string_output_adapter@D@__crt_stdio_output@@@__crt_stdio_output@@IAE_NAA_J@Z 1001c849 f i libucrt:output.obj
 0001:0001b8c6       ??$extract_argument_from_va_list@H_J@?$positional_parameter_base@_WV?$stream_output_adapter@_W@__crt_stdio_output@@@__crt_stdio_output@@IAE_NAA_J@Z 1001c8c6 f i libucrt:output.obj
 0001:0001b943       ??$extract_argument_from_va_list@H_J@?$positional_parameter_base@_WV?$string_output_adapter@_W@__crt_stdio_output@@@__crt_stdio_output@@IAE_NAA_J@Z 1001c943 f i libucrt:output.obj
 0001:0001b9c0       ??$extract_argument_from_va_list@H_J@?$standard_base@DV?$stream_output_adapter@D@__crt_stdio_output@@@__crt_stdio_output@@IAE_NAA_J@Z 1001c9c0 f i libucrt:output.obj
 0001:0001b9de       ??$extract_argument_from_va_list@H_J@?$standard_base@DV?$string_output_adapter@D@__crt_stdio_output@@@__crt_stdio_output@@IAE_NAA_J@Z 1001c9de f i libucrt:output.obj
 0001:0001b9fc       ??$extract_argument_from_va_list@H_J@?$standard_base@_WV?$stream_output_adapter@_W@__crt_stdio_output@@@__crt_stdio_output@@IAE_NAA_J@Z 1001c9fc f i libucrt:output.obj
 0001:0001ba1a       ??$extract_argument_from_va_list@H_J@?$standard_base@_WV?$string_output_adapter@_W@__crt_stdio_output@@@__crt_stdio_output@@IAE_NAA_J@Z 1001ca1a f i libucrt:output.obj
 0001:0001ba38       ??$extract_argument_from_va_list@I_J@?$positional_parameter_base@DV?$stream_output_adapter@D@__crt_stdio_output@@@__crt_stdio_output@@IAE_NAA_J@Z 1001ca38 f i libucrt:output.obj
 0001:0001babe       ??$extract_argument_from_va_list@I_J@?$positional_parameter_base@DV?$string_output_adapter@D@__crt_stdio_output@@@__crt_stdio_output@@IAE_NAA_J@Z 1001cabe f i libucrt:output.obj
 0001:0001bb44       ??$extract_argument_from_va_list@I_J@?$positional_parameter_base@_WV?$stream_output_adapter@_W@__crt_stdio_output@@@__crt_stdio_output@@IAE_NAA_J@Z 1001cb44 f i libucrt:output.obj
 0001:0001bbca       ??$extract_argument_from_va_list@I_J@?$positional_parameter_base@_WV?$string_output_adapter@_W@__crt_stdio_output@@@__crt_stdio_output@@IAE_NAA_J@Z 1001cbca f i libucrt:output.obj
 0001:0001bc50       ??$extract_argument_from_va_list@I_J@?$standard_base@DV?$stream_output_adapter@D@__crt_stdio_output@@@__crt_stdio_output@@IAE_NAA_J@Z 1001cc50 f i libucrt:output.obj
 0001:0001bc6e       ??$extract_argument_from_va_list@I_J@?$standard_base@DV?$string_output_adapter@D@__crt_stdio_output@@@__crt_stdio_output@@IAE_NAA_J@Z 1001cc6e f i libucrt:output.obj
 0001:0001bc8c       ??$extract_argument_from_va_list@I_J@?$standard_base@_WV?$stream_output_adapter@_W@__crt_stdio_output@@@__crt_stdio_output@@IAE_NAA_J@Z 1001cc8c f i libucrt:output.obj
 0001:0001bcaa       ??$extract_argument_from_va_list@I_J@?$standard_base@_WV?$string_output_adapter@_W@__crt_stdio_output@@@__crt_stdio_output@@IAE_NAA_J@Z 1001ccaa f i libucrt:output.obj
 0001:0001bcc8       ??$extract_argument_from_va_list@PADPAD@?$positional_parameter_base@DV?$stream_output_adapter@D@__crt_stdio_output@@@__crt_stdio_output@@IAE_NAAPAD@Z 1001ccc8 f i libucrt:output.obj
 0001:0001bd46       ??$extract_argument_from_va_list@PADPAD@?$positional_parameter_base@DV?$string_output_adapter@D@__crt_stdio_output@@@__crt_stdio_output@@IAE_NAAPAD@Z 1001cd46 f i libucrt:output.obj
 0001:0001bdc4       ??$extract_argument_from_va_list@PADPAD@?$positional_parameter_base@_WV?$stream_output_adapter@_W@__crt_stdio_output@@@__crt_stdio_output@@IAE_NAAPAD@Z 1001cdc4 f i libucrt:output.obj
 0001:0001be42       ??$extract_argument_from_va_list@PADPAD@?$positional_parameter_base@_WV?$string_output_adapter@_W@__crt_stdio_output@@@__crt_stdio_output@@IAE_NAAPAD@Z 1001ce42 f i libucrt:output.obj
 0001:0001bec0       ??$extract_argument_from_va_list@PADPAD@?$standard_base@DV?$stream_output_adapter@D@__crt_stdio_output@@@__crt_stdio_output@@IAE_NAAPAD@Z 1001cec0 f i libucrt:output.obj
 0001:0001beda       ??$extract_argument_from_va_list@PADPAD@?$standard_base@DV?$string_output_adapter@D@__crt_stdio_output@@@__crt_stdio_output@@IAE_NAAPAD@Z 1001ceda f i libucrt:output.obj
 0001:0001bef4       ??$extract_argument_from_va_list@PADPAD@?$standard_base@_WV?$stream_output_adapter@_W@__crt_stdio_output@@@__crt_stdio_output@@IAE_NAAPAD@Z 1001cef4 f i libucrt:output.obj
 0001:0001bf0e       ??$extract_argument_from_va_list@PADPAD@?$standard_base@_WV?$string_output_adapter@_W@__crt_stdio_output@@@__crt_stdio_output@@IAE_NAAPAD@Z 1001cf0e f i libucrt:output.obj
 0001:0001bf28       ??$extract_argument_from_va_list@PAUansi_string@?1??type_case_Z@?$output_processor@DV?$stream_output_adapter@D@__crt_stdio_output@@V?$format_validation_base@DV?$stream_output_adapter@D@__crt_stdio_output@@@2@@__crt_stdio_output@@AAE_NXZ@PAU1?1??234@AAE_NXZ@@?$standard_base@DV?$stream_output_adapter@D@__crt_stdio_output@@@__crt_stdio_output@@IAE_NAAPAUansi_string@?1??type_case_Z@?$output_processor@DV?$stream_output_adapter@D@__crt_stdio_output@@V?$format_validation_base@DV?$stream_output_adapter@D@__crt_stdio_output@@@2@@1@AAE_NXZ@@Z 1001cf28 f i libucrt:output.obj
 0001:0001bf42       ??$extract_argument_from_va_list@PAUansi_string@?1??type_case_Z@?$output_processor@DV?$stream_output_adapter@D@__crt_stdio_output@@V?$positional_parameter_base@DV?$stream_output_adapter@D@__crt_stdio_output@@@2@@__crt_stdio_output@@AAE_NXZ@PAU1?1??234@AAE_NXZ@@?$positional_parameter_base@DV?$stream_output_adapter@D@__crt_stdio_output@@@__crt_stdio_output@@IAE_NAAPAUansi_string@?1??type_case_Z@?$output_processor@DV?$stream_output_adapter@D@__crt_stdio_output@@V?$positional_parameter_base@DV?$stream_output_adapter@D@__crt_stdio_output@@@2@@1@AAE_NXZ@@Z 1001cf42 f i libucrt:output.obj
 0001:0001bfc0       ??$extract_argument_from_va_list@PAUansi_string@?1??type_case_Z@?$output_processor@DV?$stream_output_adapter@D@__crt_stdio_output@@V?$positional_parameter_base@DV?$stream_output_adapter@D@__crt_stdio_output@@@2@@__crt_stdio_output@@AAE_NXZ@PAU1?1??234@AAE_NXZ@@?$standard_base@DV?$stream_output_adapter@D@__crt_stdio_output@@@__crt_stdio_output@@IAE_NAAPAUansi_string@?1??type_case_Z@?$output_processor@DV?$stream_output_adapter@D@__crt_stdio_output@@V?$positional_parameter_base@DV?$stream_output_adapter@D@__crt_stdio_output@@@2@@1@AAE_NXZ@@Z 1001cfc0 f i libucrt:output.obj
 0001:0001bfda       ??$extract_argument_from_va_list@PAUansi_string@?1??type_case_Z@?$output_processor@DV?$stream_output_adapter@D@__crt_stdio_output@@V?$standard_base@DV?$stream_output_adapter@D@__crt_stdio_output@@@2@@__crt_stdio_output@@AAE_NXZ@PAU1?1??234@AAE_NXZ@@?$standard_base@DV?$stream_output_adapter@D@__crt_stdio_output@@@__crt_stdio_output@@IAE_NAAPAUansi_string@?1??type_case_Z@?$output_processor@DV?$stream_output_adapter@D@__crt_stdio_output@@V?$standard_base@DV?$stream_output_adapter@D@__crt_stdio_output@@@2@@1@AAE_NXZ@@Z 1001cfda f i libucrt:output.obj
 0001:0001bff4       ??$extract_argument_from_va_list@PAUansi_string@?1??type_case_Z@?$output_processor@DV?$string_output_adapter@D@__crt_stdio_output@@V?$format_validation_base@DV?$string_output_adapter@D@__crt_stdio_output@@@2@@__crt_stdio_output@@AAE_NXZ@PAU1?1??234@AAE_NXZ@@?$standard_base@DV?$string_output_adapter@D@__crt_stdio_output@@@__crt_stdio_output@@IAE_NAAPAUansi_string@?1??type_case_Z@?$output_processor@DV?$string_output_adapter@D@__crt_stdio_output@@V?$format_validation_base@DV?$string_output_adapter@D@__crt_stdio_output@@@2@@1@AAE_NXZ@@Z 1001cff4 f i libucrt:output.obj
 0001:0001c00e       ??$extract_argument_from_va_list@PAUansi_string@?1??type_case_Z@?$output_processor@DV?$string_output_adapter@D@__crt_stdio_output@@V?$positional_parameter_base@DV?$string_output_adapter@D@__crt_stdio_output@@@2@@__crt_stdio_output@@AAE_NXZ@PAU1?1??234@AAE_NXZ@@?$positional_parameter_base@DV?$string_output_adapter@D@__crt_stdio_output@@@__crt_stdio_output@@IAE_NAAPAUansi_string@?1??type_case_Z@?$output_processor@DV?$string_output_adapter@D@__crt_stdio_output@@V?$positional_parameter_base@DV?$string_output_adapter@D@__crt_stdio_output@@@2@@1@AAE_NXZ@@Z 1001d00e f i libucrt:output.obj
 0001:0001c08c       ??$extract_argument_from_va_list@PAUansi_string@?1??type_case_Z@?$output_processor@DV?$string_output_adapter@D@__crt_stdio_output@@V?$positional_parameter_base@DV?$string_output_adapter@D@__crt_stdio_output@@@2@@__crt_stdio_output@@AAE_NXZ@PAU1?1??234@AAE_NXZ@@?$standard_base@DV?$string_output_adapter@D@__crt_stdio_output@@@__crt_stdio_output@@IAE_NAAPAUansi_string@?1??type_case_Z@?$output_processor@DV?$string_output_adapter@D@__crt_stdio_output@@V?$positional_parameter_base@DV?$string_output_adapter@D@__crt_stdio_output@@@2@@1@AAE_NXZ@@Z 1001d08c f i libucrt:output.obj
 0001:0001c0a6       ??$extract_argument_from_va_list@PAUansi_string@?1??type_case_Z@?$output_processor@DV?$string_output_adapter@D@__crt_stdio_output@@V?$standard_base@DV?$string_output_adapter@D@__crt_stdio_output@@@2@@__crt_stdio_output@@AAE_NXZ@PAU1?1??234@AAE_NXZ@@?$standard_base@DV?$string_output_adapter@D@__crt_stdio_output@@@__crt_stdio_output@@IAE_NAAPAUansi_string@?1??type_case_Z@?$output_processor@DV?$string_output_adapter@D@__crt_stdio_output@@V?$standard_base@DV?$string_output_adapter@D@__crt_stdio_output@@@2@@1@AAE_NXZ@@Z 1001d0a6 f i libucrt:output.obj
 0001:0001c0c0       ??$extract_argument_from_va_list@PAUansi_string@?1??type_case_Z@?$output_processor@_WV?$stream_output_adapter@_W@__crt_stdio_output@@V?$format_validation_base@_WV?$stream_output_adapter@_W@__crt_stdio_output@@@2@@__crt_stdio_output@@AAE_NXZ@PAU1?1??234@AAE_NXZ@@?$standard_base@_WV?$stream_output_adapter@_W@__crt_stdio_output@@@__crt_stdio_output@@IAE_NAAPAUansi_string@?1??type_case_Z@?$output_processor@_WV?$stream_output_adapter@_W@__crt_stdio_output@@V?$format_validation_base@_WV?$stream_output_adapter@_W@__crt_stdio_output@@@2@@1@AAE_NXZ@@Z 1001d0c0 f i libucrt:output.obj
 0001:0001c0da       ??$extract_argument_from_va_list@PAUansi_string@?1??type_case_Z@?$output_processor@_WV?$stream_output_adapter@_W@__crt_stdio_output@@V?$positional_parameter_base@_WV?$stream_output_adapter@_W@__crt_stdio_output@@@2@@__crt_stdio_output@@AAE_NXZ@PAU1?1??234@AAE_NXZ@@?$positional_parameter_base@_WV?$stream_output_adapter@_W@__crt_stdio_output@@@__crt_stdio_output@@IAE_NAAPAUansi_string@?1??type_case_Z@?$output_processor@_WV?$stream_output_adapter@_W@__crt_stdio_output@@V?$positional_parameter_base@_WV?$stream_output_adapter@_W@__crt_stdio_output@@@2@@1@AAE_NXZ@@Z 1001d0da f i libucrt:output.obj
 0001:0001c158       ??$extract_argument_from_va_list@PAUansi_string@?1??type_case_Z@?$output_processor@_WV?$stream_output_adapter@_W@__crt_stdio_output@@V?$positional_parameter_base@_WV?$stream_output_adapter@_W@__crt_stdio_output@@@2@@__crt_stdio_output@@AAE_NXZ@PAU1?1??234@AAE_NXZ@@?$standard_base@_WV?$stream_output_adapter@_W@__crt_stdio_output@@@__crt_stdio_output@@IAE_NAAPAUansi_string@?1??type_case_Z@?$output_processor@_WV?$stream_output_adapter@_W@__crt_stdio_output@@V?$positional_parameter_base@_WV?$stream_output_adapter@_W@__crt_stdio_output@@@2@@1@AAE_NXZ@@Z 1001d158 f i libucrt:output.obj
 0001:0001c172       ??$extract_argument_from_va_list@PAUansi_string@?1??type_case_Z@?$output_processor@_WV?$stream_output_adapter@_W@__crt_stdio_output@@V?$standard_base@_WV?$stream_output_adapter@_W@__crt_stdio_output@@@2@@__crt_stdio_output@@AAE_NXZ@PAU1?1??234@AAE_NXZ@@?$standard_base@_WV?$stream_output_adapter@_W@__crt_stdio_output@@@__crt_stdio_output@@IAE_NAAPAUansi_string@?1??type_case_Z@?$output_processor@_WV?$stream_output_adapter@_W@__crt_stdio_output@@V?$standard_base@_WV?$stream_output_adapter@_W@__crt_stdio_output@@@2@@1@AAE_NXZ@@Z 1001d172 f i libucrt:output.obj
 0001:0001c18c       ??$extract_argument_from_va_list@PAUansi_string@?1??type_case_Z@?$output_processor@_WV?$string_output_adapter@_W@__crt_stdio_output@@V?$format_validation_base@_WV?$string_output_adapter@_W@__crt_stdio_output@@@2@@__crt_stdio_output@@AAE_NXZ@PAU1?1??234@AAE_NXZ@@?$standard_base@_WV?$string_output_adapter@_W@__crt_stdio_output@@@__crt_stdio_output@@IAE_NAAPAUansi_string@?1??type_case_Z@?$output_processor@_WV?$string_output_adapter@_W@__crt_stdio_output@@V?$format_validation_base@_WV?$string_output_adapter@_W@__crt_stdio_output@@@2@@1@AAE_NXZ@@Z 1001d18c f i libucrt:output.obj
 0001:0001c1a6       ??$extract_argument_from_va_list@PAUansi_string@?1??type_case_Z@?$output_processor@_WV?$string_output_adapter@_W@__crt_stdio_output@@V?$positional_parameter_base@_WV?$string_output_adapter@_W@__crt_stdio_output@@@2@@__crt_stdio_output@@AAE_NXZ@PAU1?1??234@AAE_NXZ@@?$positional_parameter_base@_WV?$string_output_adapter@_W@__crt_stdio_output@@@__crt_stdio_output@@IAE_NAAPAUansi_string@?1??type_case_Z@?$output_processor@_WV?$string_output_adapter@_W@__crt_stdio_output@@V?$positional_parameter_base@_WV?$string_output_adapter@_W@__crt_stdio_output@@@2@@1@AAE_NXZ@@Z 1001d1a6 f i libucrt:output.obj
 0001:0001c224       ??$extract_argument_from_va_list@PAUansi_string@?1??type_case_Z@?$output_processor@_WV?$string_output_adapter@_W@__crt_stdio_output@@V?$positional_parameter_base@_WV?$string_output_adapter@_W@__crt_stdio_output@@@2@@__crt_stdio_output@@AAE_NXZ@PAU1?1??234@AAE_NXZ@@?$standard_base@_WV?$string_output_adapter@_W@__crt_stdio_output@@@__crt_stdio_output@@IAE_NAAPAUansi_string@?1??type_case_Z@?$output_processor@_WV?$string_output_adapter@_W@__crt_stdio_output@@V?$positional_parameter_base@_WV?$string_output_adapter@_W@__crt_stdio_output@@@2@@1@AAE_NXZ@@Z 1001d224 f i libucrt:output.obj
[...]
 0002:0000c228       __sehtable$??$?RV<lambda_5b71d36f03204c0beab531769a5b5694>@@AAV<lambda_be2b3da3f62db62e9dad5dc70221a656>@@V<lambda_8f9ce462984622f9bf76b59e2aaaf805>@@@?$__crt_seh_guarded_call@X@@QAEX$$QAV<lambda_5b71d36f03204c0beab531769a5b5694>@@AAV<lambda_be2b3da3f62db62e9dad5dc70221a656>@@$$QAV<lambda_8f9ce462984622f9bf76b59e2aaaf805>@@@Z 1005a228     libucrt:per_thread_data.obj
 0002:0000c248       __sehtable$__free_locale   1005a248     libucrt:wsetlocale.obj
 0002:0000c270       __sehtable$___acrt_uninitialize_locale 1005a270     libucrt:wsetlocale.obj
 0002:0000c290       __sehtable$??$?RV<lambda_76aaead6e312921abc834cb00a638bdd>@@AAV<lambda_176e34f99554166dd2fac165c457248c>@@V<lambda_998ee1c9f4290b119b936bcd6215875a>@@@?$__crt_seh_guarded_call@X@@QAEX$$QAV<lambda_76aaead6e312921abc834cb00a638bdd>@@AAV<lambda_176e34f99554166dd2fac165c457248c>@@$$QAV<lambda_998ee1c9f4290b119b936bcd6215875a>@@@Z 1005a290     libucrt:wsetlocale.obj
 0002:0000c2b0       __sehtable$??$?RV<lambda_c9469061b39d205f0f236529d4a41659>@@AAV<lambda_b7fb1a997d3ebc0cc0186c5835178808>@@V<lambda_14b92c79d699846b5cc916cd4cf280e4>@@@?$__crt_seh_guarded_call@X@@QAEX$$QAV<lambda_c9469061b39d205f0f236529d4a41659>@@AAV<lambda_b7fb1a997d3ebc0cc0186c5835178808>@@$$QAV<lambda_14b92c79d699846b5cc916cd4cf280e4>@@@Z 1005a2b0     libucrt:wsetlocale.obj
 0002:0000c2d0       __sehtable$??$?RV<lambda_70818de7b02deff9841e8b0962a60ed9>@@AAV<lambda_2af78c5f5901b1372d98f9ab3177dfa6>@@AAV<lambda_f51fe5fd7c79a33db34fc9310f277369>@@@?$__crt_seh_guarded_call@X@@QAEX$$QAV<lambda_70818de7b02deff9841e8b0962a60ed9>@@AAV<lambda_2af78c5f5901b1372d98f9ab3177dfa6>@@AAV<lambda_f51fe5fd7c79a33db34fc9310f277369>@@@Z 1005a2d0     libucrt:wsetlocale.obj
 0002:0000c2f0       __sehtable$??$?RV<lambda_c76fdea48760d5f9368b465f31df4405>@@AAV<lambda_e378711a6f6581bf7f0efd7cdf97f5d9>@@V<lambda_e927a58b2a85c081d733e8c6192ae2d2>@@@?$__crt_seh_guarded_call@X@@QAEX$$QAV<lambda_c76fdea48760d5f9368b465f31df4405>@@AAV<lambda_e378711a6f6581bf7f0efd7cdf97f5d9>@@$$QAV<lambda_e927a58b2a85c081d733e8c6192ae2d2>@@@Z 1005a2f0     libucrt:wsetlocale.obj
 0002:0000c310       __sehtable$_fputwc         1005a310     libucrt:fputwc.obj
 0002:0000c330       __sehtable$_fputc          1005a330     libucrt:fputc.obj
 0002:0000c350       __sehtable$??$?RV<lambda_4980db0136e49a56f91ef52c46ca659a>@@AAV<lambda_6e3e78bb6855d1e4040e022c1b427e22>@@V<lambda_9c074eaf62197b4fd0274ed9e7824161>@@@?$__crt_seh_guarded_call@G@@QAEG$$QAV<lambda_4980db0136e49a56f91ef52c46ca659a>@@AAV<lambda_6e3e78bb6855d1e4040e022c1b427e22>@@$$QAV<lambda_9c074eaf62197b4fd0274ed9e7824161>@@@Z 1005a350     libucrt:putwch.obj
 0002:0000c370       __sehtable$?__acrt_stdio_allocate_stream@@YA?AV__crt_stdio_stream@@XZ 1005a370     libucrt:stream.obj
 0002:0000c390       __sehtable$_fflush         1005a390     libucrt:fflush.obj
 0002:0000c3b0       __sehtable$_common_flush_all 1005a3b0     libucrt:fflush.obj
 0002:0000c3d8       __sehtable$??$?RV<lambda_9227be29367c048ad7fd93a717dcb1a1>@@AAV<lambda_a463b7b0560cfcaf9b17f27c6ef46564>@@V<lambda_ccea11b5727ccf69be64f5f5d9a08d9f>@@@?$__crt_seh_guarded_call@H@@QAEH$$QAV<lambda_9227be29367c048ad7fd93a717dcb1a1>@@AAV<lambda_a463b7b0560cfcaf9b17f27c6ef46564>@@$$QAV<lambda_ccea11b5727ccf69be64f5f5d9a08d9f>@@@Z 1005a3d8     libucrt:winapi_thunks.obj
 0002:0000c3f8       __sehtable$___acrt_update_thread_multibyte_data 1005a3f8     libucrt:mbctype.obj
 0002:0000c418       __sehtable$??$?RV<lambda_978dc153c237d78434369da87b74ff60>@@AAV<lambda_ad1ced32f4ac17aa236e5ef05d6b3b7c>@@V<lambda_4a8533e2866a575feecb8298ce776b0d>@@@?$__crt_seh_guarded_call@X@@QAEX$$QAV<lambda_978dc153c237d78434369da87b74ff60>@@AAV<lambda_ad1ced32f4ac17aa236e5ef05d6b3b7c>@@$$QAV<lambda_4a8533e2866a575feecb8298ce776b0d>@@@Z 1005a418     libucrt:mbctype.obj
 0002:0000c438       __sehtable$__query_new_handler 1005a438     libucrt:new_handler.obj
 0002:0000c458       __sehtable$__set_new_handler 1005a458     libucrt:new_handler.obj
 0002:0000c478       __sehtable$_signal         1005a478     libucrt:signal.obj
 0002:0000c498       __sehtable$_raise          1005a498     libucrt:signal.obj
 0002:0000c4b8       __sehtable$?ctrlevent_capture@@YGHK@Z 1005a4b8     libucrt:signal.obj
 0002:0000c4d8       __sehtable$??$?RV<lambda_a048d3beccc847880fc8490e18b82769>@@AAV<lambda_ec61778202f4f5fc7e7711acc23c3bca>@@V<lambda_f7496a158712204296dd6628a163878e>@@@?$__crt_seh_guarded_call@P6AXH@Z@@QAEP6AXH@Z$$QAV<lambda_a048d3beccc847880fc8490e18b82769>@@AAV<lambda_ec61778202f4f5fc7e7711acc23c3bca>@@$$QAV<lambda_f7496a158712204296dd6628a163878e>@@@Z 1005a4d8     libucrt:signal.obj
 0002:0000c4f8       __sehtable$___acrt_update_thread_locale_data 1005a4f8     libucrt:locale_refcounting.obj
 0002:0000c518       __sehtable$__fcloseall     1005a518     libucrt:closeall.obj
 0002:0000c538       __sehtable$??$?RV<lambda_61cee617f5178ae960314fd4d05640a0>@@AAV<lambda_6978c1fb23f02e42e1d9e99668cc68aa>@@V<lambda_9cd88cf8ad10232537feb2133f08c833>@@@?$__crt_seh_guarded_call@H@@QAEH$$QAV<lambda_61cee617f5178ae960314fd4d05640a0>@@AAV<lambda_6978c1fb23f02e42e1d9e99668cc68aa>@@$$QAV<lambda_9cd88cf8ad10232537feb2133f08c833>@@@Z 1005a538     libucrt:commit.obj
 0002:0000c558       __sehtable$___set_fpsr_sse2 1005a558     libucrt:fpctrl.obj
 0002:0000c578       __sehtable$__IsNonwritableInCurrentImage 1005a578     LIBCMT:pesect.obj
 0002:0000c5a0       .edata                     1005a5a0     zlibwapi.exp
 0002:0000c5c8       rgpv                       1005a5c8     zlibwapi.exp
 0002:0000c884       rgszName                   1005a884     zlibwapi.exp
 0002:0000ca88       rgwOrd                     1005aa88     zlibwapi.exp
 0002:0000cb8a       szName                     1005ab8a     zlibwapi.exp
 0002:0000cb97       $N00001                    1005ab97     zlibwapi.exp
 0002:0000cb9f       $N00140                    1005ab9f     zlibwapi.exp
 0002:0000cbaf       $N00174                    1005abaf     zlibwapi.exp
 0002:0000cbb9       $N00039                    1005abb9     zlibwapi.exp
 0002:0000cbc3       $N00002                    1005abc3     zlibwapi.exp
 0002:0000cbcc       $N00046                    1005abcc     zlibwapi.exp
 0002:0000cbda       $N00003                    1005abda     zlibwapi.exp
 0002:0000cbe0       $N00142                    1005abe0     zlibwapi.exp
 0002:0000cbee       $N00175                    1005abee     zlibwapi.exp
 0002:0000cbf6       $N00004                    1005abf6     zlibwapi.exp
 0002:0000cbfe       $N00047                    1005abfe     zlibwapi.exp
 0002:0000cc0b       $N00005                    1005ac0b     zlibwapi.exp
 0002:0000cc17       $N00006                    1005ac17     zlibwapi.exp
 0002:0000cc22       $N00173                    1005ac22     zlibwapi.exp
 0002:0000cc37       $N00007                    1005ac37     zlibwapi.exp
 0002:0000cc45       $N00008                    1005ac45     zlibwapi.exp
 0002:0000cc52       $N00009                    1005ac52     zlibwapi.exp
 0002:0000cc60       $N00052                    1005ac60     zlibwapi.exp
 0002:0000cc6f       $N00051                    1005ac6f     zlibwapi.exp
 0002:0000cc7c       $N00010                    1005ac7c     zlibwapi.exp
 0002:0000cc89       $N00164                    1005ac89     zlibwapi.exp
 0002:0000cc9a       $N00011                    1005ac9a     zlibwapi.exp
 0002:0000ccaf       $N00144                    1005acaf     zlibwapi.exp
 0002:0000ccc0       $N00145                    1005acc0     zlibwapi.exp
 0002:0000cccc       $N00110                    1005accc     zlibwapi.exp
 0002:0000cce0       $N00111                    1005ace0     zlibwapi.exp
 0002:0000ccf6       $N00112                    1005acf6     zlibwapi.exp
 0002:0000cd0d       $N00113                    1005ad0d     zlibwapi.exp
 0002:0000cd24       $N00038                    1005ad24     zlibwapi.exp
 0002:0000cd32       $N00146                    1005ad32     zlibwapi.exp
 0002:0000cd3b       $N00048                    1005ad3b     zlibwapi.exp
 0002:0000cd46       $N00012                    1005ad46     zlibwapi.exp
 0002:0000cd4e       $N00147                    1005ad4e     zlibwapi.exp
 0002:0000cd58       $N00148                    1005ad58     zlibwapi.exp
 0002:0000cd62       $N00149                    1005ad62     zlibwapi.exp
 0002:0000cd6b       $N00013                    1005ad6b     zlibwapi.exp
 0002:0000cd73       $N00034                    1005ad73     zlibwapi.exp
 0002:0000cd79       $N00014                    1005ad79     zlibwapi.exp
 0002:0000cd81       $N00015                    1005ad81     zlibwapi.exp
 0002:0000cd89       $N00171                    1005ad89     zlibwapi.exp
 0002:0000cd91       $N00172                    1005ad91     zlibwapi.exp
 0002:0000cd9a       $N00030                    1005ad9a     zlibwapi.exp
 0002:0000cda1       $N00161                    1005ada1     zlibwapi.exp
 0002:0000cda9       $N00041                    1005ada9     zlibwapi.exp
 0002:0000cdb0       $N00150                    1005adb0     zlibwapi.exp
 0002:0000cdb9       $N00016                    1005adb9     zlibwapi.exp
 0002:0000cdc0       $N00165                    1005adc0     zlibwapi.exp
 0002:0000cdc9       $N00028                    1005adc9     zlibwapi.exp
 0002:0000cdd2       $N00029                    1005add2     zlibwapi.exp
 0002:0000cdd9       $N00040                    1005add9     zlibwapi.exp
 0002:0000cde0       $N00017                    1005ade0     zlibwapi.exp
 0002:0000cde7       $N00032                    1005ade7     zlibwapi.exp
 0002:0000cdf0       $N00031                    1005adf0     zlibwapi.exp
 0002:0000cdf7       $N00035                    1005adf7     zlibwapi.exp
 0002:0000ce03       $N00033                    1005ae03     zlibwapi.exp
 0002:0000ce0a       $N00049                    1005ae0a     zlibwapi.exp
 0002:0000ce13       $N00167                    1005ae13     zlibwapi.exp
 0002:0000ce1d       $N00018                    1005ae1d     zlibwapi.exp
 0002:0000ce25       $N00019                    1005ae25     zlibwapi.exp
 0002:0000ce2d       $N00044                    1005ae2d     zlibwapi.exp
 0002:0000ce39       $N00045                    1005ae39     zlibwapi.exp
 0002:0000ce48       $N00043                    1005ae48     zlibwapi.exp
 0002:0000ce59       $N00168                    1005ae59     zlibwapi.exp
 0002:0000ce6a       $N00042                    1005ae6a     zlibwapi.exp
 0002:0000ce76       $N00020                    1005ae76     zlibwapi.exp
 0002:0000ce81       $N00166                    1005ae81     zlibwapi.exp
 0002:0000ce96       $N00156                    1005ae96     zlibwapi.exp
 0002:0000cea7       $N00021                    1005aea7     zlibwapi.exp
 0002:0000ceb5       $N00022                    1005aeb5     zlibwapi.exp
 0002:0000cec2       $N00157                    1005aec2     zlibwapi.exp
 0002:0000cece       $N00158                    1005aece     zlibwapi.exp
 0002:0000cedb       $N00159                    1005aedb     zlibwapi.exp
 0002:0000cee9       $N00023                    1005aee9     zlibwapi.exp
 0002:0000cef6       $N00163                    1005aef6     zlibwapi.exp
 0002:0000cf07       $N00024                    1005af07     zlibwapi.exp
 0002:0000cf1c       $N00025                    1005af1c     zlibwapi.exp
 0002:0000cf28       $N00037                    1005af28     zlibwapi.exp
 0002:0000cf39       $N00160                    1005af39     zlibwapi.exp
 0002:0000cf4a       $N00169                    1005af4a     zlibwapi.exp
 0002:0000cf5a       $N00170                    1005af5a     zlibwapi.exp
 0002:0000cf66       $N00026                    1005af66     zlibwapi.exp
 0002:0000cf71       $N00062                    1005af71     zlibwapi.exp
 0002:0000cf7a       $N00072                    1005af7a     zlibwapi.exp
 0002:0000cf8e       $N00124                    1005af8e     zlibwapi.exp
 0002:0000cfa6       $N00064                    1005afa6     zlibwapi.exp
 0002:0000cfbc       $N00125                    1005afbc     zlibwapi.exp
 0002:0000cfda       $N00127                    1005afda     zlibwapi.exp
 0002:0000cfea       $N00100                    1005afea     zlibwapi.exp
 0002:0000cff8       $N00073                    1005aff8     zlibwapi.exp
 0002:0000d00c       $N00122                    1005b00c     zlibwapi.exp
 0002:0000d01f       $N00063                    1005b01f     zlibwapi.exp
 0002:0000d030       $N00076                    1005b030     zlibwapi.exp
 0002:0000d046       $N00128                    1005b046     zlibwapi.exp
 0002:0000d057       $N00101                    1005b057     zlibwapi.exp
 0002:0000d066       $N00065                    1005b066     zlibwapi.exp
 0002:0000d077       $N00066                    1005b077     zlibwapi.exp
 0002:0000d087       $N00075                    1005b087     zlibwapi.exp
 0002:0000d095       $N00077                    1005b095     zlibwapi.exp
 0002:0000d09e       $N00121                    1005b09e     zlibwapi.exp
 0002:0000d0aa       $N00120                    1005b0aa     zlibwapi.exp
 0002:0000d0b4       $N00061                    1005b0b4     zlibwapi.exp
 0002:0000d0bc       $N00078                    1005b0bc     zlibwapi.exp
 0002:0000d0d0       $N00069                    1005b0d0     zlibwapi.exp
 0002:0000d0e4       $N00067                    1005b0e4     zlibwapi.exp
 0002:0000d0f7       $N00079                    1005b0f7     zlibwapi.exp
 0002:0000d112       $N00068                    1005b112     zlibwapi.exp
 0002:0000d125       $N00074                    1005b125     zlibwapi.exp
 0002:0000d13e       $N00071                    1005b13e     zlibwapi.exp
 0002:0000d145       $N00126                    1005b145     zlibwapi.exp
 0002:0000d14f       $N00070                    1005b14f     zlibwapi.exp
 0002:0000d157       $N00036                    1005b157     zlibwapi.exp
 0002:0000d15e       $N00084                    1005b15e     zlibwapi.exp
 0002:0000d167       $N00083                    1005b167     zlibwapi.exp
 0002:0000d179       $N00136                    1005b179     zlibwapi.exp
 0002:0000d190       $N00087                    1005b190     zlibwapi.exp
 0002:0000d1a5       $N00088                    1005b1a5     zlibwapi.exp
 0002:0000d1ae       $N00131                    1005b1ae     zlibwapi.exp
 0002:0000d1ba       $N00130                    1005b1ba     zlibwapi.exp
 0002:0000d1c4       $N00080                    1005b1c4     zlibwapi.exp
 0002:0000d1cc       $N00086                    1005b1cc     zlibwapi.exp
 0002:0000d1e1       $N00133                    1005b1e1     zlibwapi.exp
 0002:0000d1f9       $N00089                    1005b1f9     zlibwapi.exp
 0002:0000d20e       $N00134                    1005b20e     zlibwapi.exp
 0002:0000d226       $N00135                    1005b226     zlibwapi.exp
 0002:0000d23e       $N00132                    1005b23e     zlibwapi.exp
 0002:0000d254       $N00081                    1005b254     zlibwapi.exp
 0002:0000d268       $N00082                    1005b268     zlibwapi.exp
 0002:0000d27c       $N00050                    1005b27c     zlibwapi.exp
 0002:0000d28d       $N00027                    1005b28d     zlibwapi.exp
 0002:0000d494       .idata$6                   1005b494     kernel32:KERNEL32.dll
 0002:0000da72       .idata$6                   1005ba72     advapi32:ADVAPI32.dll
 0003:00000020       ?_Tlg_Microsoft_CRTProviderProv@@3U_TlgProvider_t@__vcrt_trace_logging_provider@@A 1005c020     libvcruntime:telemetry.obj
 0003:00000060       ?__vcrt_flsindex@@3KA      1005c060     libvcruntime:per_thread_data.obj
 0003:00000180       _errno_no_memory           1005c180     libucrt:errno.obj
 0003:00000184       _doserrno_no_memory        1005c184     libucrt:errno.obj
 0003:00000188       ?global_msvcrt_heap_handle_cache@?1??__acrt_get_msvcrt_heap_handle@@9@4PAXA 1005c188     libucrt:free_base.obj
 0003:000001c0       ___acrt_flsindex           1005c1c0     libucrt:per_thread_data.obj
 0003:000001c4       __ctype_loc_style          1005c1c4     libucrt:wsetlocale.obj
 0003:00000348       ___rgctypeflag             1005c348     libucrt:mbctype.obj
 0003:00000350       ___rgcode_page_info        1005c350     libucrt:mbctype.obj
 0003:000008d0       ?__DAZ_ENABLED@?1??__set_fpsr_sse2@@9@9 1005c8d0     libucrt:fpctrl.obj
 0003:000009a8       ?__proc_attached@@3HA      1005c9a8     LIBCMT:dll_dllmain.obj
 0003:000009b4       ?module_local_atexit_table@@3U_onexit_table_t@@A 1005c9b4     LIBCMT:utility.obj
 0003:000009c0       ?module_local_at_quick_exit_table@@3U_onexit_table_t@@A 1005c9c0     LIBCMT:utility.obj
 0003:000009cc       ?is_initialized_as_dll@@3_NA 1005c9cc     LIBCMT:utility.obj
 0003:000009f8       _GS_ExceptionRecord        1005c9f8     LIBCMT:gs_report.obj
 0003:00000a48       _GS_ContextRecord          1005ca48     LIBCMT:gs_report.obj
 0003:00000d14       ?module_handles@@3PAPAUHINSTANCE__@@A 1005cd14     libvcruntime:winapi_downlevel.obj
 0003:00000d24       ?encoded_function_pointers@@3PAPAXA 1005cd24     libvcruntime:winapi_downlevel.obj
 0003:00000d48       ?__vcrt_startup_thread_ptd@@3U__vcrt_ptd@@A 1005cd48     libvcruntime:per_thread_data.obj
 0003:00000d70       ___vcrt_lock_table         1005cd70     libvcruntime:locks.obj
 0003:00000d88       ___vcrt_locks_initialized  1005cd88     libvcruntime:locks.obj
 0003:00000db8       ?heap@@3V_HeapManager@@A   1005cdb8     libvcruntime:undname.obj
 0003:00000e00       _c_termination_complete    1005ce00     libucrt:exit.obj
 0003:00000e04       _thread_local_exit_callback_func 1005ce04     libucrt:exit.obj
 0003:00000e08       ?c_exit_complete@?5??common_exit@@YAXHW4_crt_exit_cleanup_mode@@W4_crt_exit_return_mode@@@Z@4_NA 1005ce08     libucrt:exit.obj
 0003:00000e34       ___acrt_invalid_parameter_handler 1005ce34     libucrt:invalid_parameter.obj
 0003:00001054       _enable_percent_n          1005d054     libucrt:printf_count_output.obj
 0003:00001060       _module_handles            1005d060     libucrt:winapi_thunks.obj
 0003:000010b0       _encoded_function_pointers 1005d0b0     libucrt:winapi_thunks.obj
 0003:00001130       ?static_enum_proc@?1??enum_system_locales_ex_nolock@@YAHQ6GHPA_WKJ@Z@Z@4P6GH0KJ@ZA 1005d130     libucrt:winapi_thunks.obj
 0003:00001134       ?state_cache@?1??__acrt_is_packaged_app@@9@4JA 1005d134     libucrt:winapi_thunks.obj
 0003:00001138       ___acrt_lock_table         1005d138     libucrt:locks.obj
 0003:00001270       ___acrt_locks_initialized  1005d270     libucrt:locks.obj
 0003:0000128c       _fSystemSet                1005d28c     libucrt:mbctype.obj
 0003:00001290       ?initialized@?1??__acrt_initialize_multibyte@@9@4_NA 1005d290     libucrt:mbctype.obj
 0003:000012b4       ___acrt_new_handler        1005d2b4     libucrt:new_handler.obj
 0003:000012b8       _console_ctrl_handler_installed 1005d2b8     libucrt:signal.obj
 0003:000012bc       _ctrlc_action              1005d2bc     libucrt:signal.obj
 0003:000012c0       _ctrlbreak_action          1005d2c0     libucrt:signal.obj
 0003:000012c4       _abort_action              1005d2c4     libucrt:signal.obj
 0003:000012c8       _term_action               1005d2c8     libucrt:signal.obj
 0003:000012cc       _user_matherr              1005d2cc     libucrt:matherr.obj
 0003:000012d0       ___acrt_global_new_mode    1005d2d0     libucrt:new_mode.obj
 0003:000012d4       ___acrt_app_type           1005d2d4     libucrt:report_runtime_error.obj
 0003:000012d8       ?outmsg@?9??__acrt_report_runtime_error@@9@4PA_WA 1005d2d8     libucrt:report_runtime_error.obj
 0003:00001910       ___acrt_error_mode         1005d910     libucrt:set_error_mode.obj
 0003:00001918       __pmatherr_set             1005d918     libucrt:libm_error.obj
 0003:0000191c       ?calls@?1??crypthead@@9@9  1005d91c     zip.obj
 0004:00000060       $R000000                   1005e060     zlib.res
